GOR-BODY-16 W1i levels spine_01 (crest, S5) -> spine_03, breadth cm
  vertex slab   37.5  42.1  40.6  40.0  39.3  39.1  39.1  39.3  39.6   crest / narrowest above 0.9585
  plane section 43.3  41.6  40.4  39.8  39.5  39.2  39.2  39.4  39.5   crest / narrowest above 1.1048
  vertices in slab [21, 32, 38, 39, 41, 46, 42, 35, 34]
GOR-BODY-16 W1h levels spine_01 (crest, S5) -> spine_03, breadth cm
  vertex slab   36.6  41.1  39.3  38.5  37.7  37.5  37.8  38.2  38.9   crest / narrowest above 0.9743
  plane section 42.2  40.5  39.1  38.3  37.8  37.6  37.8  38.3  38.8   crest / narrowest above 1.1243
  vertices in slab [21, 33, 38, 41, 41, 46, 42, 35, 34]
GO W1i levels spine_01 (crest, S5) -> spine_03, breadth cm
  vertex slab   42.9  42.6  41.8  41.4  40.9  40.2  40.0  40.2  40.4   crest / narrowest above 1.0711
  plane section 43.5  42.4  41.7  41.2  40.8  40.2  40.0  40.2  40.4   crest / narrowest above 1.0857
  vertices in slab [21, 25, 33, 52, 42, 46, 45, 35, 36]
MF-M-R low composition levels spine_01 (crest, S5) -> spine_03, breadth cm
  vertex slab   27.8  27.8  26.8  26.3  25.6  25.5  25.7  25.9  26.5   crest / narrowest above 1.0927
  plane section 28.3  27.3  26.5  26.1  25.6  25.5  25.8  26.1  26.6   crest / narrowest above 1.1111
  vertices in slab [32, 51, 65, 66, 59, 57, 48, 39, 40]
SK low composition levels spine_01 (crest, S5) -> spine_03, breadth cm
  vertex slab   33.4  29.4  32.2  31.4  30.9  30.6  30.8  31.1  31.8   crest / narrowest above 1.1376
  plane section 34.0  32.8  32.0  31.4  30.9  30.6  30.9  31.2  31.7   crest / narrowest above 1.1098
  vertices in slab [24, 28, 36, 41, 40, 44, 40, 33, 34]
