SKP F04 align s 1.0014 resid 0.000/0.000 GH breadth 40.70 biac 40.53
F04 ALPC-1 lower-thorax breadth / thorax > MF {'0.0': (0.8337, 0.8244, 'PASS'), '0.5': (0.8277, 0.8182, 'PASS'), '1.0': (0.8213, 0.8115, 'PASS')}
F04 hip-joint scale (proximal-femur proxy) / crest breadth  {'0.0': (0.2524, 0.2001, 'PASS'), '0.5': (0.243, 0.1883, 'PASS'), '1.0': (0.2328, 0.1755, 'PASS')}
F04 hip-joint scale (proximal-femur proxy) / crest breadth  {'0.0': (0.2524, 0.2108, 'PASS'), '0.5': (0.243, 0.199, 'PASS'), '1.0': (0.2328, 0.1861, 'PASS')}
F04 ALPC-3 proximal-femur proxy / S6 breadth >= MF {'0.0': (0.2081, 0.1642, 'PASS'), '0.5': (0.1989, 0.1535, 'PASS'), '1.0': (0.1892, 0.142, 'PASS')}
F04 ALPC-3 subtrochanteric shaft breadth / femur length >=  {'0.0': (0.314, 0.318, 'FAIL'), '0.5': (0.2917, 0.2936, 'MARG'), '1.0': (0.2695, 0.2693, 'PASS')}
F04 shaft S7 cm 18.65 femur 59.39
SKP F04nopel align s 1.0014 resid 0.000/0.000 GH breadth 40.70 biac 40.53
F04nopel ALPC-1 lower-thorax breadth / thorax > MF {'0.0': (0.8347, 0.8244, 'PASS'), '0.5': (0.8287, 0.8182, 'PASS'), '1.0': (0.8223, 0.8115, 'PASS')}
F04nopel hip-joint scale (proximal-femur proxy) / crest breadth  {'0.0': (0.2503, 0.2001, 'PASS'), '0.5': (0.2411, 0.1883, 'PASS'), '1.0': (0.2312, 0.1755, 'PASS')}
F04nopel hip-joint scale (proximal-femur proxy) / crest breadth  {'0.0': (0.2503, 0.2108, 'PASS'), '0.5': (0.2411, 0.199, 'PASS'), '1.0': (0.2312, 0.1861, 'PASS')}
F04nopel ALPC-3 proximal-femur proxy / S6 breadth >= MF {'0.0': (0.1998, 0.1642, 'PASS'), '0.5': (0.191, 0.1535, 'PASS'), '1.0': (0.1817, 0.142, 'PASS')}
F04nopel ALPC-3 subtrochanteric shaft breadth / femur length >=  {'0.0': (0.3183, 0.318, 'PASS'), '0.5': (0.2961, 0.2936, 'PASS'), '1.0': (0.2739, 0.2693, 'PASS')}
F04nopel shaft S7 cm 18.91 femur 59.39
SKP F04nokb align s 1.0014 resid 0.000/0.000 GH breadth 40.47 biac 40.76
F04nokb ALPC-1 lower-thorax breadth / thorax > MF {'0.0': (0.8564, 0.8244, 'PASS'), '0.5': (0.8516, 0.8182, 'PASS'), '1.0': (0.8464, 0.8115, 'PASS')}
F04nokb hip-joint scale (proximal-femur proxy) / crest breadth  {'0.0': (0.2493, 0.2001, 'PASS'), '0.5': (0.2401, 0.1883, 'PASS'), '1.0': (0.2302, 0.1755, 'PASS')}
F04nokb hip-joint scale (proximal-femur proxy) / crest breadth  {'0.0': (0.2493, 0.2108, 'PASS'), '0.5': (0.2401, 0.199, 'PASS'), '1.0': (0.2302, 0.1861, 'PASS')}
F04nokb ALPC-3 proximal-femur proxy / S6 breadth >= MF {'0.0': (0.2111, 0.1642, 'PASS'), '0.5': (0.2021, 0.1535, 'PASS'), '1.0': (0.1926, 0.142, 'PASS')}
F04nokb ALPC-3 subtrochanteric shaft breadth / femur length >=  {'0.0': (0.3143, 0.318, 'FAIL'), '0.5': (0.2921, 0.2936, 'MARG'), '1.0': (0.2698, 0.2693, 'PASS')}
F04nokb shaft S7 cm 18.67 femur 59.39
SKP F12 align s 1.0014 resid 0.000/0.000 GH breadth 38.73 biac 38.93
F12 ALPC-1 lower-thorax breadth / thorax > MF {'0.0': (0.8237, 0.8244, 'FAIL'), '0.5': (0.8171, 0.8182, 'FAIL'), '1.0': (0.8099, 0.8115, 'FAIL')}
F12 hip-joint scale (proximal-femur proxy) / crest breadth  {'0.0': (0.2553, 0.2001, 'PASS'), '0.5': (0.2455, 0.1883, 'PASS'), '1.0': (0.235, 0.1755, 'PASS')}
F12 hip-joint scale (proximal-femur proxy) / crest breadth  {'0.0': (0.2553, 0.2108, 'PASS'), '0.5': (0.2455, 0.199, 'PASS'), '1.0': (0.235, 0.1861, 'PASS')}
F12 ALPC-3 proximal-femur proxy / S6 breadth >= MF {'0.0': (0.2111, 0.1642, 'PASS'), '0.5': (0.2017, 0.1535, 'PASS'), '1.0': (0.1916, 0.142, 'PASS')}
F12 ALPC-3 subtrochanteric shaft breadth / femur length >=  {'0.0': (0.3116, 0.318, 'FAIL'), '0.5': (0.2893, 0.2936, 'FAIL'), '1.0': (0.2671, 0.2693, 'MARG')}
F12 shaft S7 cm 18.5 femur 59.39
SKP F12nopel align s 1.0014 resid 0.000/0.000 GH breadth 38.73 biac 38.93
F12nopel ALPC-1 lower-thorax breadth / thorax > MF {'0.0': (0.825, 0.8244, 'NOT '), '0.5': (0.8185, 0.8182, 'NOT '), '1.0': (0.8114, 0.8115, 'FAIL')}
F12nopel hip-joint scale (proximal-femur proxy) / crest breadth  {'0.0': (0.2518, 0.2001, 'PASS'), '0.5': (0.2425, 0.1883, 'PASS'), '1.0': (0.2324, 0.1755, 'PASS')}
F12nopel hip-joint scale (proximal-femur proxy) / crest breadth  {'0.0': (0.2518, 0.2108, 'PASS'), '0.5': (0.2425, 0.199, 'PASS'), '1.0': (0.2324, 0.1861, 'PASS')}
F12nopel ALPC-3 proximal-femur proxy / S6 breadth >= MF {'0.0': (0.1983, 0.1642, 'PASS'), '0.5': (0.1894, 0.1535, 'PASS'), '1.0': (0.18, 0.142, 'PASS')}
F12nopel ALPC-3 subtrochanteric shaft breadth / femur length >=  {'0.0': (0.3181, 0.318, 'PASS'), '0.5': (0.2959, 0.2936, 'PASS'), '1.0': (0.2737, 0.2693, 'PASS')}
F12nopel shaft S7 cm 18.9 femur 59.39
