iter 0 {"pelvisX": 1.1, "pelvisY": 1.045, "pelvisZ": 1.28, "thigh": 1.2, "clavY": 0.9, "s03Y": 1.186, "Aka": 1.0, "Akp": 1.0, "kb0": 1.0, "kb18": 1.36, "kb31": 1.19, "kb44": 1.16} H 228.77 neg 7 sumneg 0.3294 S5 36.36 S2 41.81
   neg bitrochanteric / crest ~ MF (GO-P2b, hip joints under the lo|0.0 -0.0642
   neg bitrochanteric / crest ~ MF (GO-P2b, hip joints under the lo|0.5 -0.0661
   neg bitrochanteric / crest ~ MF (GO-P2b, hip joints under the lo|1.0 -0.068
   neg ALPC-2a crest breadth / thorax >= MF|0.0 -0.0395
   neg ALPC-2a crest breadth / thorax >= MF|0.5 -0.0406
   neg ALPC-2a crest breadth / thorax >= MF|1.0 -0.0416
   neg chest-lead S1c-LEAN -0.0093
   step a=1.00 sumneg 0.1570 neg 8 H 228.73
   step a=0.50 sumneg 0.1124 neg 8 H 228.75
iter 1 {"pelvisX": 1.084, "pelvisY": 1.045, "pelvisZ": 1.2394, "thigh": 1.2136, "clavY": 0.9, "s03Y": 1.186, "Aka": 1.0325, "Akp": 1.0166, "kb0": 1.0106, "kb18": 1.3286, "kb31": 1.1878, "kb44": 1.1241} H 228.75 neg 8 sumneg 0.1124 S5 37.38 S2 41.74
   neg bitrochanteric / crest ~ MF (GO-P2b, hip joints under the lo|0.0 -0.0245
   neg bitrochanteric / crest ~ MF (GO-P2b, hip joints under the lo|0.5 -0.0249
   neg bitrochanteric / crest ~ MF (GO-P2b, hip joints under the lo|1.0 -0.0253
   neg ALPC-1 lower-thorax depth / thorax > MF|0.0 -0.0002
   neg ALPC-2a crest breadth / thorax >= MF|0.0 -0.011
   neg ALPC-2a crest breadth / thorax >= MF|0.5 -0.011
   neg ALPC-2a crest breadth / thorax >= MF|1.0 -0.0109
   neg chest-lead S1c-LEAN -0.0046
   step a=1.00 sumneg 0.3147 neg 7 H 228.73
   step a=0.50 sumneg 0.2125 neg 7 H 228.74
no improvement
DONE {"pelvisX": 1.084, "pelvisY": 1.045, "pelvisZ": 1.2394, "thigh": 1.2136, "clavY": 0.9, "s03Y": 1.186, "Aka": 1.0325, "Akp": 1.0166, "kb0": 1.0106, "kb18": 1.3286, "kb31": 1.1878, "kb44": 1.1241}
