iter 0 {"pelvisX": 1.084, "pelvisY": 1.045, "pelvisZ": 1.2394, "thigh": 1.2136, "clavY": 0.9, "s03Y": 1.186, "Aka": 1.0325, "Akp": 1.0166, "kb0": 1.0106, "kb18": 1.3286, "kb31": 1.1878, "kb44": 1.1241} H 228.75 neg 9 sumneg 1.2296 S5 37.38 S2 41.74
   neg bitrochanteric / crest ~ MF (GO-P2b, hip joints under the lo|0.0 -0.0245
   neg bitrochanteric / crest ~ MF (GO-P2b, hip joints under the lo|0.5 -0.0249
   neg bitrochanteric / crest ~ MF (GO-P2b, hip joints under the lo|1.0 -0.0253
   neg ALPC-1 lower-thorax depth / thorax > MF|0.0 -0.0002
   neg ALPC-2a crest breadth / thorax >= MF|0.0 -0.011
   neg ALPC-2a crest breadth / thorax >= MF|0.5 -0.011
   neg ALPC-2a crest breadth / thorax >= MF|1.0 -0.0109
   neg chest-lead S2c-LEAN -0.0046
   neg arm clearance -0.867 -1.1172
   step a=1.00 sumneg 0.1729 neg 12 H 228.74
   step a=0.50 sumneg 0.7162 neg 11 H 228.75
iter 1 {"pelvisX": 1.0, "pelvisY": 1.045, "pelvisZ": 1.2302, "thigh": 1.3, "clavY": 0.9361, "s03Y": 1.186, "Aka": 0.8991, "Akp": 1.1666, "kb0": 1.0934, "kb18": 1.4, "kb31": 1.1188, "kb44": 0.9741} H 228.74 neg 12 sumneg 0.1729 S5 36.89 S2 41.60
   neg bitrochanteric / crest ~ MF (GO-P2b, hip joints under the lo|0.0 -0.0204
   neg bitrochanteric / crest ~ MF (GO-P2b, hip joints under the lo|0.5 -0.0208
   neg bitrochanteric / crest ~ MF (GO-P2b, hip joints under the lo|1.0 -0.0213
   neg ALPC-1 lower-thorax breadth / thorax > MF|0.0 -0.0021
   neg ALPC-1 lower-thorax breadth / thorax > MF|0.5 -0.0011
   neg ALPC-1 lower-thorax depth / thorax > MF|0.0 -0.0131
   neg ALPC-1 lower-thorax depth / thorax > MF|0.5 -0.0112
   neg ALPC-1 lower-thorax depth / thorax > MF|1.0 -0.0089
   neg ALPC-2a crest breadth / thorax >= MF|0.0 -0.0205
   neg ALPC-2a crest breadth / thorax >= MF|0.5 -0.0208
   neg ALPC-2a crest breadth / thorax >= MF|1.0 -0.0212
   neg chest-lead S2c-LEAN -0.0115
   step a=1.00 sumneg 0.0353 neg 7 H 228.76
   step a=0.50 sumneg 0.0623 neg 8 H 228.75
iter 2 {"pelvisX": 1.0315, "pelvisY": 1.045, "pelvisZ": 1.2644, "thigh": 1.1941, "clavY": 0.9368, "s03Y": 1.186, "Aka": 0.9608, "Akp": 1.2744, "kb0": 1.1619, "kb18": 1.4, "kb31": 1.2688, "kb44": 0.95} H 228.76 neg 7 sumneg 0.0353 S5 38.58 S2 41.60
   neg ALPC-1 lower-thorax depth / thorax > MF|0.0 -0.0091
   neg ALPC-1 lower-thorax depth / thorax > MF|0.5 -0.007
   neg ALPC-1 lower-thorax depth / thorax > MF|1.0 -0.0044
   neg ALPC-2a pelvic AP / thoracic depth >= MF|0.0 -0.0022
   neg ALPC-3 subtrochanteric shaft breadth / femur length >= MF|0.0 -0.0005
   neg chest-lead S2c-LEAN -0.0101
   neg arm clearance 0.248 -0.002
   step a=1.00 sumneg 0.2204 neg 10 H 228.76
   step a=0.50 sumneg 0.1199 neg 9 H 228.76
no improvement
DONE {"pelvisX": 1.0315, "pelvisY": 1.045, "pelvisZ": 1.2644, "thigh": 1.1941, "clavY": 0.9368, "s03Y": 1.186, "Aka": 0.9608, "Akp": 1.2744, "kb0": 1.1619, "kb18": 1.4, "kb31": 1.2688, "kb44": 0.95}
