SKP Q0 align s 1.0014 resid 0.000/0.000 GH breadth 44.09 biac 43.76
Q0 {} neg 5 sumneg 0.0643
   neg ALPC-1 lower-thorax depth / thorax > MF|0.0 -0.0193
   neg ALPC-1 lower-thorax depth / thorax > MF|0.5 -0.0179
   neg ALPC-1 lower-thorax depth / thorax > MF|1.0 -0.016
   neg ALPC-3 subtrochanteric shaft breadth / femur length >= MF|0.0 -0.0005
   neg chest-lead Q0-LEAN -0.0105
SKP Q1 align s 1.0014 resid 0.000/0.000 GH breadth 44.09 biac 43.76
Q1 {10: 1.15} neg 5 sumneg 0.0422
   neg ALPC-1 lower-thorax depth / thorax > MF|0.0 -0.0121
   neg ALPC-1 lower-thorax depth / thorax > MF|0.5 -0.0104
   neg ALPC-1 lower-thorax depth / thorax > MF|1.0 -0.0084
   neg ALPC-3 subtrochanteric shaft breadth / femur length >= MF|0.0 -0.0005
   neg chest-lead Q1-LEAN -0.0107
SKP Q2 align s 1.0014 resid 0.000/0.000 GH breadth 44.10 biac 43.76
Q2 {10: 1.0} neg 5 sumneg 0.0247
   neg ALPC-1 lower-thorax depth / thorax > MF|0.0 -0.0063
   neg ALPC-1 lower-thorax depth / thorax > MF|0.5 -0.0046
   neg ALPC-1 lower-thorax depth / thorax > MF|1.0 -0.0024
   neg ALPC-3 subtrochanteric shaft breadth / femur length >= MF|0.0 -0.0005
   neg chest-lead Q2-LEAN -0.0109
SKP Q3 align s 1.0014 resid 0.000/0.000 GH breadth 44.09 biac 43.76
Q3 {10: 1.15, 9: 1.5} neg 5 sumneg 0.0640
   neg ALPC-1 lower-thorax depth / thorax > MF|0.0 -0.0189
   neg ALPC-1 lower-thorax depth / thorax > MF|0.5 -0.0176
   neg ALPC-1 lower-thorax depth / thorax > MF|1.0 -0.0161
   neg ALPC-3 subtrochanteric shaft breadth / femur length >= MF|0.0 -0.0005
   neg chest-lead Q3-LEAN -0.0109
