SKP R1 align s 1.0014 resid 0.000/0.000 GH breadth 44.10 biac 43.76
R1 {10: 0.92} neg 4 sumneg 0.0060 H 228.76
   neg ALPC-1 lower-thorax depth / thorax > MF|0.0 -0.0032
   neg ALPC-1 lower-thorax depth / thorax > MF|0.5 -0.0013
   neg ALPC-3 subtrochanteric shaft breadth / femur length >= MF|0.0 -0.0005
   neg chest-lead R1-LEAN -0.001
SKP R2 align s 1.0014 resid 0.000/0.000 GH breadth 44.10 biac 43.76
R2 {6: 0.7} neg 5 sumneg 0.0565 H 228.76
   neg ALPC-1 lower-thorax depth / thorax > MF|0.0 -0.0027
   neg ALPC-1 lower-thorax depth / thorax > MF|0.5 -0.0008
   neg ALPC-3 subtrochanteric shaft breadth / femur length >= MF|0.0 -0.0005
   neg chest-lead R2-LEAN -0.0159
   neg chest-lead R2 -0.0366
SKP R3 align s 1.0014 resid 0.000/0.000 GH breadth 43.84 biac 43.76
R3 {5: 1.1} neg 9 sumneg 0.7421 H 225.38
   neg ALPC-1 lower-thorax depth / thorax > MF|0.0 -0.0555
   neg ALPC-1 lower-thorax depth / thorax > MF|0.5 -0.0558
   neg ALPC-1 lower-thorax depth / thorax > MF|1.0 -0.0559
   neg ALPC-1b ribcage vertical / breadth >= MF|0.0 -0.056
   neg ALPC-1b ribcage vertical / breadth >= MF|0.5 -0.0588
   neg ALPC-1b ribcage vertical / breadth >= MF|1.0 -0.0619
   neg ALPC-3 subtrochanteric shaft breadth / femur length >= MF|0.0 -0.0004
   neg stature -0.0162
   neg arm clearance -0.132 -0.3816
SKP R4 align s 1.0014 resid 0.000/0.000 GH breadth 44.10 biac 43.76
R4 {8: 1.65} neg 3 sumneg 0.0015 H 228.76
   neg ALPC-1 lower-thorax depth / thorax > MF|0.0 -0.0001
   neg ALPC-3 subtrochanteric shaft breadth / femur length >= MF|0.0 -0.0005
   neg chest-lead R4-LEAN -0.0008
