SKP U1 align s 1.0014 resid 0.000/0.000 GH breadth 45.05 biac 44.68
SKP U1-02 align s 1.0056 resid 0.000/0.000 GH breadth 43.33 biac 42.28
U1 {4: 0.96} None neg 4 sumneg 0.0415 clear02 0.369
   neg ALPC-1 lower-thorax depth / thorax > MF|0.0 -0.0151
   neg ALPC-1 lower-thorax depth / thorax > MF|0.5 -0.0138
   neg ALPC-1 lower-thorax depth / thorax > MF|1.0 -0.0121
   neg ALPC-3 subtrochanteric shaft breadth / femur length >= MF|0.0 -0.0005
    ['arm clearance 0.783']
SKP U2 align s 1.0014 resid 0.000/0.000 GH breadth 44.10 biac 43.75
SKP U2-02 align s 1.0056 resid 0.000/0.000 GH breadth 42.33 biac 41.40
U2 {} (1.08, 1.04) neg 1 sumneg 0.0005 clear02 0.092
   neg ALPC-3 subtrochanteric shaft breadth / femur length >= MF|0.0 -0.0005
    ['arm clearance 0.490']
SKP U3 align s 1.0014 resid 0.000/0.000 GH breadth 45.05 biac 44.67
SKP U3-02 align s 1.0056 resid 0.000/0.000 GH breadth 43.34 biac 42.27
U3 {4: 0.96} (1.08, 1.04) neg 4 sumneg 0.0415 clear02 0.565
   neg ALPC-1 lower-thorax depth / thorax > MF|0.0 -0.0151
   neg ALPC-1 lower-thorax depth / thorax > MF|0.5 -0.0138
   neg ALPC-1 lower-thorax depth / thorax > MF|1.0 -0.0121
   neg ALPC-3 subtrochanteric shaft breadth / femur length >= MF|0.0 -0.0005
    ['arm clearance 1.001']
