start feasible True sumneg 0.0005 {"pelvisX": 1.0315, "pelvisY": 1.045, "pelvisZ": 1.2644, "thigh": 1.1941, "clavY": 0.9368, "s03Y": 1.186, "Aka": 0.9608, "kp18": 1.25, "kp31": 1.6, "kp44": 1.65, "kp60": 0.92, "kb0": 1.1619, "kb18": 1.4, "kb31": 1.2688, "kb44": 0.95}
   neg ALPC-3 subtrochanteric shaft breadth / femur length >= MF|0.0 -0.0005
pass 0 Aka 0.9608 -> 0.6437  reject  sumneg 0.0688
pass 0 kp44 1.6500 -> 1.4355  reject  sumneg 0.0474
pass 0 kp31 1.6000 -> 1.4020  reject  sumneg 0.0172
pass 0 kb18 1.4000 -> 1.2680  reject  sumneg 0.0745
pass 0 kb31 1.2688 -> 1.1801  reject  sumneg 0.0258
pass 0 pelvisZ 1.2644 -> 1.1771  reject  sumneg 0.0011
pass 0 kp18 1.2500 -> 1.1675  KEEP  sumneg 0.0005
pass 0 thigh 1.1941 -> 1.1300  reject  sumneg 0.1412
pass 0 s03Y 1.1860 -> 1.1246  reject  sumneg 0.6769
pass 0 kb0 1.1619 -> 1.1085  reject  sumneg 0.0045
pass 0 kp60 0.9200 -> 0.9464  reject  sumneg 0.0012
pass 0 clavY 0.9368 -> 0.9577  reject  sumneg 0.0404
pass 0 kb44 0.9500 -> 0.9665  reject  sumneg 0.0125
pass 0 pelvisY 1.0450 -> 1.0301  reject  sumneg 0.1877
pass 0 pelvisX 1.0315 -> 1.0211  reject  sumneg 0.0021
pass 1 Aka 0.9608 -> 0.6437  reject  sumneg 0.0690
pass 1 kp44 1.6500 -> 1.4355  reject  sumneg 0.0495
pass 1 kp31 1.6000 -> 1.4020  reject  sumneg 0.0190
pass 1 kb18 1.4000 -> 1.2680  reject  sumneg 0.0745
pass 1 kb31 1.2688 -> 1.1801  reject  sumneg 0.0258
pass 1 pelvisZ 1.2644 -> 1.1771  reject  sumneg 0.0017
pass 1 thigh 1.1941 -> 1.1300  reject  sumneg 0.1412
pass 1 s03Y 1.1860 -> 1.1246  reject  sumneg 0.6769
pass 1 kp18 1.1675 -> 1.1122  KEEP  sumneg 0.0005
pass 1 kb0 1.1619 -> 1.1085  reject  sumneg 0.0045
pass 1 kp60 0.9200 -> 0.9464  reject  sumneg 0.0016
pass 1 clavY 0.9368 -> 0.9577  reject  sumneg 0.0415
pass 1 kb44 0.9500 -> 0.9665  reject  sumneg 0.0125
pass 1 pelvisY 1.0450 -> 1.0301  reject  sumneg 0.1877
pass 1 pelvisX 1.0315 -> 1.0211  reject  sumneg 0.0021
DONE True {"pelvisX": 1.0315, "pelvisY": 1.045, "pelvisZ": 1.2644, "thigh": 1.1941, "clavY": 0.9368, "s03Y": 1.186, "Aka": 0.9608, "kp18": 1.1122, "kp31": 1.6, "kp44": 1.65, "kp60": 0.92, "kb0": 1.1619, "kb18": 1.4, "kb31": 1.2688, "kb44": 0.95}
