iter 0 {"pelvisX": 1.2062, "pelvisY": 1.045, "pelvisZ": 1.2055, "thigh": 1.35, "clavY": 0.9008, "s03Y": 1.186, "Aka": 0.7779, "kp18": 1.2955, "kp31": 1.7771, "kp44": 1.8, "kp60": 0.85, "kb0": 1.05, "kb18": 1.396, "kb31": 1.39, "kb44": 1.09, "kb60": 1.08, "kb80": 1.06} H 228.73 neg 14 sumneg 0.9083
   neg bitrochanteric / crest ~ MF (GO-P2b, hip joints under the lo|0.0 -0.0025
   neg bitrochanteric / crest ~ MF (GO-P2b, hip joints under the lo|0.5 -0.0018
   neg bitrochanteric / crest ~ MF (GO-P2b, hip joints under the lo|1.0 -0.0009
   neg thoracic depth / breadth > SK (AD-G7)|0.0 -0.0119
   neg thoracic depth / breadth > SK (AD-G7)|0.5 -0.0115
   neg thoracic depth / breadth > SK (AD-G7)|1.0 -0.011
   neg hip-joint scale (proximal-femur proxy) / crest breadth >= SK|0.0 -0.0136
   neg hip-joint scale (proximal-femur proxy) / crest breadth >= SK|0.5 -0.0044
   neg chest-lead H3c -0.006
   neg arm clearance -0.464 -0.7143
   neg skin TB/H > SK 0.1939 -0.0272
   neg 03:ALPC-2a crest breadth / thorax >= MF|0.0 -0.0334
   neg 03:ALPC-2a crest breadth / thorax >= MF|0.5 -0.0343
   neg 03:ALPC-2a crest breadth / thorax >= MF|1.0 -0.0354
   step a=1.00 sumneg 0.3529 neg 23
   step a=0.50 sumneg 0.3840 neg 16
   step a=0.25 sumneg 0.3142 neg 11
iter 1 {"pelvisX": 1.2061, "pelvisY": 1.045, "pelvisZ": 1.1976, "thigh": 1.35, "clavY": 0.9195, "s03Y": 1.186, "Aka": 0.7497, "kp18": 1.3255, "kp31": 1.7828, "kp44": 1.8, "kp60": 0.85, "kb0": 1.02, "kb18": 1.3997, "kb31": 1.4175, "kb44": 1.12, "kb60": 1.0598, "kb80": 1.03} H 228.73 neg 11 sumneg 0.3142
   neg bitrochanteric / crest ~ MF (GO-P2b, hip joints under the lo|0.0 -0.0025
   neg bitrochanteric / crest ~ MF (GO-P2b, hip joints under the lo|0.5 -0.0018
   neg bitrochanteric / crest ~ MF (GO-P2b, hip joints under the lo|1.0 -0.0009
   neg hip-joint scale (proximal-femur proxy) / crest breadth >= SK|0.0 -0.0136
   neg hip-joint scale (proximal-femur proxy) / crest breadth >= SK|0.5 -0.0043
   neg chest-lead H3c -0.0092
   neg arm clearance 0.065 -0.1848
   neg skin TB/H > SK 0.1959 -0.017
   neg 03:ALPC-2a crest breadth / thorax >= MF|0.0 -0.026
   neg 03:ALPC-2a crest breadth / thorax >= MF|0.5 -0.0267
   neg 03:ALPC-2a crest breadth / thorax >= MF|1.0 -0.0275
   step a=1.00 sumneg 0.1975 neg 12
   step a=0.50 sumneg 0.4033 neg 19
   step a=0.25 sumneg 0.3379 neg 17
iter 2 {"pelvisX": 1.22, "pelvisY": 1.045, "pelvisZ": 1.161, "thigh": 1.35, "clavY": 0.951, "s03Y": 1.186, "Aka": 0.7475, "kp18": 1.4455, "kp31": 1.8, "kp44": 1.8, "kp60": 0.85, "kb0": 0.9336, "kb18": 1.418, "kb31": 1.5, "kb44": 1.24, "kb60": 1.0997, "kb80": 0.91} H 228.71 neg 12 sumneg 0.1975
   neg bitrochanteric / crest ~ MF (GO-P2b, hip joints under the lo|0.0 -0.0016
   neg bitrochanteric / crest ~ MF (GO-P2b, hip joints under the lo|0.5 -0.0007
   neg hip-joint scale (proximal-femur proxy) / crest breadth >= SK|0.0 -0.0201
   neg hip-joint scale (proximal-femur proxy) / crest breadth >= SK|0.5 -0.011
   neg chest-lead H3c -0.0
   neg skin TB/H > SK 0.1986 -0.0037
   neg 03:ALPC-1 lumbar depth / thorax > MF|0.0 -0.0399
   neg 03:ALPC-1 lumbar depth / thorax > MF|0.5 -0.0367
   neg 03:ALPC-1 lumbar depth / thorax > MF|1.0 -0.0323
   neg 03:ALPC-2a pelvic AP / thoracic depth >= MF|0.0 -0.0186
   neg 03:ALPC-2a pelvic AP / thoracic depth >= MF|0.5 -0.0173
   neg 03:ALPC-2a pelvic AP / thoracic depth >= MF|1.0 -0.0156
   step a=1.00 sumneg 0.4313 neg 10
   step a=0.50 sumneg 0.5014 neg 14
   step a=0.25 sumneg 0.5476 neg 14
no improvement
DONE {"pelvisX": 1.22, "pelvisY": 1.045, "pelvisZ": 1.161, "thigh": 1.35, "clavY": 0.951, "s03Y": 1.186, "Aka": 0.7475, "kp18": 1.4455, "kp31": 1.8, "kp44": 1.8, "kp60": 0.85, "kb0": 0.9336, "kb18": 1.418, "kb31": 1.5, "kb44": 1.24, "kb60": 1.0997, "kb80": 0.91}
