iter 0 {"pelvisX": 1.22, "pelvisY": 1.045, "pelvisZ": 1.161, "thigh": 1.35, "clavY": 0.951, "s03Y": 1.186, "Aka": 0.7475, "kp18": 1.4455, "kp31": 1.8, "kp44": 1.8, "kp60": 0.85, "kb0": 0.9336, "kb18": 1.418, "kb31": 1.5, "kb44": 1.24, "kb60": 1.0997, "kb80": 0.91} H 228.71 neg 29 sumneg 10.9641
   neg bitrochanteric / crest ~ MF (GO-P2b, hip joints under the lo|0.0 -0.0016
   neg bitrochanteric / crest ~ MF (GO-P2b, hip joints under the lo|0.5 -0.0007
   neg ALPC-0|0.0 -0.05
   neg ALPC-0|0.5 -0.05
   neg ALPC-0|1.0 -0.05
   neg thoracic depth / breadth > SK (AD-G7)|0.0 -0.8534
   neg thoracic depth / breadth > SK (AD-G7)|0.5 -0.8922
   neg thoracic depth / breadth > SK (AD-G7)|1.0 -0.9347
   neg thoracic depth / breadth > GR (AD-G7)|0.0 -0.84
   neg thoracic depth / breadth > GR (AD-G7)|0.5 -0.8813
   neg thoracic depth / breadth > GR (AD-G7)|1.0 -0.9272
   neg hip-joint scale (proximal-femur proxy) / crest breadth >= SK|0.0 -0.0201
   neg hip-joint scale (proximal-femur proxy) / crest breadth >= SK|0.5 -0.011
   neg thoracic depth / stature > SK (RM-LR-02 b)|0.0 -0.8493
   neg thoracic depth / stature > SK (RM-LR-02 b)|0.5 -0.889
   neg thoracic depth / stature > SK (RM-LR-02 b)|1.0 -0.9326
   neg thoracic depth / stature > GR (RM-LR-02 b)|0.0 -0.8195
   neg thoracic depth / stature > GR (RM-LR-02 b)|0.5 -0.8651
   neg thoracic depth / stature > GR (RM-LR-02 b)|1.0 -0.9162
   neg biacromial / thoracic breadth <= MF (ALPC-4, acromial landma|0.0 -0.0067
   neg biacromial / thoracic breadth <= MF (ALPC-4, acromial landma|0.5 -0.0067
   neg biacromial / thoracic breadth <= MF (ALPC-4, acromial landma|1.0 -0.0068
   neg chest-lead H4c -0.0002
   neg skin TB/H > SK 0.1986 -0.0037
   neg 03:ALPC-2a pelvic AP / thoracic depth >= MF|0.0 -0.0041
   neg 03:ALPC-2a pelvic AP / thoracic depth >= MF|0.5 -0.0021
   neg 03:ALPC-0|0.0 -0.05
   neg 03:ALPC-0|0.5 -0.05
   neg 03:ALPC-0|1.0 -0.05
