iter 0 {"pelvisX": 1.0315, "pelvisY": 1.045, "pelvisZ": 1.2644, "thigh": 1.1941, "clavY": 0.9368, "s03Y": 1.186, "Aka": 0.9608, "kp18": 1.1122, "kp31": 1.6, "kp44": 1.65, "kp60": 0.92, "kb0": 1.1619, "kb18": 1.4, "kb31": 1.2688, "kb44": 0.95, "kb60": 1.05, "kb80": 1.02} H 228.76 neg 30 sumneg 17.7636
   neg bitrochanteric / crest ~ MF (GO-P2b, hip joints under the lo|0.0 -0.062
   neg bitrochanteric / crest ~ MF (GO-P2b, hip joints under the lo|0.5 -0.0646
   neg bitrochanteric / crest ~ MF (GO-P2b, hip joints under the lo|1.0 -0.0673
   neg ALPC-2a hip-level breadth / thorax >= MF|0.0 -0.0588
   neg ALPC-2a hip-level breadth / thorax >= MF|0.5 -0.0608
   neg ALPC-2a hip-level breadth / thorax >= MF|1.0 -0.063
   neg ALPC-7 S6_over_S2_b > equal-height Broad Skarn (beyond 1 %)|0.0 -0.0717
   neg ALPC-7 S6_over_S2_b > equal-height Broad Skarn (beyond 1 %)|0.5 -0.0736
   neg ALPC-7 S6_over_S2_b > equal-height Broad Skarn (beyond 1 %)|1.0 -0.0756
   neg thoracic depth / breadth > SK (AD-G7)|0.0 -0.9097
   neg thoracic depth / breadth > SK (AD-G7)|0.5 -0.9487
   neg thoracic depth / breadth > SK (AD-G7)|1.0 -0.9915
   neg thoracic depth / breadth > GR (AD-G7)|0.0 -0.901
   neg thoracic depth / breadth > GR (AD-G7)|0.5 -0.943
   neg thoracic depth / breadth > GR (AD-G7)|1.0 -0.9894
   neg hip-joint scale (proximal-femur proxy) / crest breadth >= MF|0.0 -0.0093
   neg hip-joint scale (proximal-femur proxy) / crest breadth >= MF|0.5 -0.0049
   neg hip-joint scale (proximal-femur proxy) / crest breadth >= SK|0.0 -0.0597
   neg hip-joint scale (proximal-femur proxy) / crest breadth >= SK|0.5 -0.0584
   neg hip-joint scale (proximal-femur proxy) / crest breadth >= SK|1.0 -0.0562
   neg ALPC-3 subtrochanteric shaft breadth / femur length >= MF|0.0 -0.0035
   neg thoracic depth / stature > SK (RM-LR-02 b)|0.0 -0.9011
   neg thoracic depth / stature > SK (RM-LR-02 b)|0.5 -0.9432
   neg thoracic depth / stature > SK (RM-LR-02 b)|1.0 -0.9895
   neg thoracic depth / stature > GR (RM-LR-02 b)|0.0 -0.8808
   neg thoracic depth / stature > GR (RM-LR-02 b)|0.5 -0.9298
   neg thoracic depth / stature > GR (RM-LR-02 b)|1.0 -0.9848
   neg skin TB/H > SK 0.1937 -0.0284
   neg skin flank flare 0.0056 -0.5554
   neg slab sanity S2 depth 0.09 -5.0778
