iter 0 {"pelvisX": 1.0315, "pelvisY": 1.045, "pelvisZ": 1.2644, "thigh": 1.1941, "clavY": 0.9368, "s03Y": 1.186, "Aka": 0.9608, "kp18": 1.1122, "kp31": 1.6, "kp44": 1.65, "kp60": 0.92, "kb0": 1.1619, "kb18": 1.4, "kb31": 1.2688, "kb44": 0.95, "kb60": 1.05, "kb80": 1.02} H 228.76 neg 27 sumneg 2.1051
   neg bitrochanteric / crest ~ MF (GO-P2b, hip joints under the lo|0.0 -0.062
   neg bitrochanteric / crest ~ MF (GO-P2b, hip joints under the lo|0.5 -0.0646
   neg bitrochanteric / crest ~ MF (GO-P2b, hip joints under the lo|1.0 -0.0673
   neg ALPC-1 lower-thorax depth / thorax > MF|0.0 -0.0
   neg ALPC-2a hip-level breadth / thorax >= MF|0.0 -0.048
   neg ALPC-2a hip-level breadth / thorax >= MF|0.5 -0.0495
   neg ALPC-2a hip-level breadth / thorax >= MF|1.0 -0.0512
   neg ALPC-7 S6_over_S2_b > equal-height Broad Skarn (beyond 1 %)|0.0 -0.0135
   neg ALPC-7 S6_over_S2_b > equal-height Broad Skarn (beyond 1 %)|0.5 -0.0135
   neg ALPC-7 S6_over_S2_b > equal-height Broad Skarn (beyond 1 %)|1.0 -0.0134
   neg hip-joint scale (proximal-femur proxy) / crest breadth >= MF|0.0 -0.0093
   neg hip-joint scale (proximal-femur proxy) / crest breadth >= MF|0.5 -0.0049
   neg hip-joint scale (proximal-femur proxy) / crest breadth >= SK|0.0 -0.0597
   neg hip-joint scale (proximal-femur proxy) / crest breadth >= SK|0.5 -0.0584
   neg hip-joint scale (proximal-femur proxy) / crest breadth >= SK|1.0 -0.0562
   neg ALPC-3 subtrochanteric shaft breadth / femur length >= MF|0.0 -0.0035
   neg skin TB/H > SK 0.1937 -0.0284
   neg skin flank flare 0.0056 -0.9554
   neg 03:ALPC-2a crest breadth / thorax >= MF|0.0 -0.0877
   neg 03:ALPC-2a crest breadth / thorax >= MF|0.5 -0.0909
   neg 03:ALPC-2a crest breadth / thorax >= MF|1.0 -0.0943
   neg 03:ALPC-2a hip-level breadth / thorax >= MF|0.0 -0.0431
   neg 03:ALPC-2a hip-level breadth / thorax >= MF|0.5 -0.0444
   neg 03:ALPC-2a hip-level breadth / thorax >= MF|1.0 -0.0458
   neg 03:ALPC-3 subtrochanteric shaft breadth / femur length >= MF|0.0 -0.0529
   neg 03:ALPC-3 subtrochanteric shaft breadth / femur length >= MF|0.5 -0.047
   neg 03:ALPC-3 subtrochanteric shaft breadth / femur length >= MF|1.0 -0.0401
   step a=1.00 sumneg 1.5771 neg 27
   step a=0.50 sumneg 0.9818 neg 19
   step a=0.25 sumneg 1.2470 neg 20
iter 1 {"pelvisX": 1.0915, "pelvisY": 1.0213, "pelvisZ": 1.2642, "thigh": 1.2541, "clavY": 0.9065, "s03Y": 1.1472, "Aka": 0.9579, "kp18": 1.1155, "kp31": 1.6194, "kp44": 1.6715, "kp60": 0.8992, "kb0": 1.1019, "kb18": 1.34, "kb31": 1.3288, "kb44": 1.01, "kb60": 1.0244, "kb80": 0.96} H 226.98 neg 19 sumneg 0.9818
   neg bitrochanteric / crest ~ MF (GO-P2b, hip joints under the lo|0.0 -0.0362
   neg bitrochanteric / crest ~ MF (GO-P2b, hip joints under the lo|0.5 -0.0373
   neg bitrochanteric / crest ~ MF (GO-P2b, hip joints under the lo|1.0 -0.0385
   neg ALPC-1 lower-thorax depth / thorax > MF|0.0 -0.0382
   neg ALPC-1 lower-thorax depth / thorax > MF|0.5 -0.0378
   neg ALPC-1 lower-thorax depth / thorax > MF|1.0 -0.0371
   neg ALPC-2a crest breadth / thorax >= MF|0.0 -0.0215
   neg ALPC-2a crest breadth / thorax >= MF|0.5 -0.022
   neg ALPC-2a crest breadth / thorax >= MF|1.0 -0.0225
   neg thoracic breadth / stature > SK (RM-LR-02 a)|0.0 -0.0032
   neg thoracic breadth / stature > SK (RM-LR-02 a)|0.5 -0.0028
   neg thoracic breadth / stature > SK (RM-LR-02 a)|1.0 -0.0025
   neg stature -0.0002
   neg skin TB/H > SK 0.1952 -0.0207
   neg skin flank flare 0.0007 -0.4653
   neg 03:ALPC-2a crest breadth / thorax >= MF|0.0 -0.0615
   neg 03:ALPC-2a crest breadth / thorax >= MF|0.5 -0.0637
   neg 03:ALPC-2a crest breadth / thorax >= MF|1.0 -0.0661
   neg 03:ALPC-3 subtrochanteric shaft breadth / femur length >= MF|0.0 -0.0046
   step a=1.00 sumneg 0.9626 neg 15
   step a=0.50 sumneg 0.9442 neg 15
   step a=0.25 sumneg 0.9017 neg 15
iter 2 {"pelvisX": 1.0931, "pelvisY": 1.0224, "pelvisZ": 1.2614, "thigh": 1.2566, "clavY": 0.9085, "s03Y": 1.1515, "Aka": 0.9279, "kp18": 1.1455, "kp31": 1.6494, "kp44": 1.7015, "kp60": 0.8869, "kb0": 1.0807, "kb18": 1.37, "kb31": 1.3588, "kb44": 1.0047, "kb60": 1.0285, "kb80": 0.99} H 227.16 neg 15 sumneg 0.9017
   neg bitrochanteric / crest ~ MF (GO-P2b, hip joints under the lo|0.0 -0.0282
   neg bitrochanteric / crest ~ MF (GO-P2b, hip joints under the lo|0.5 -0.029
   neg bitrochanteric / crest ~ MF (GO-P2b, hip joints under the lo|1.0 -0.0299
   neg ALPC-1 lower-thorax depth / thorax > MF|0.0 -0.0354
   neg ALPC-1 lower-thorax depth / thorax > MF|0.5 -0.0348
   neg ALPC-1 lower-thorax depth / thorax > MF|1.0 -0.034
   neg ALPC-2a crest breadth / thorax >= MF|0.0 -0.0187
   neg ALPC-2a crest breadth / thorax >= MF|0.5 -0.0191
   neg ALPC-2a crest breadth / thorax >= MF|1.0 -0.0195
   neg skin TB/H > SK 0.1961 -0.0163
   neg skin flank flare 0.0005 -0.4516
   neg 03:ALPC-2a crest breadth / thorax >= MF|0.0 -0.0587
   neg 03:ALPC-2a crest breadth / thorax >= MF|0.5 -0.0608
   neg 03:ALPC-2a crest breadth / thorax >= MF|1.0 -0.063
   neg 03:ALPC-3 subtrochanteric shaft breadth / femur length >= MF|0.0 -0.0027
