iter 0 {"pelvisX": 1.1896, "pelvisY": 1.0217, "pelvisZ": 1.2208, "thigh": 1.2462, "clavY": 1.0095, "s03Y": 1.1908, "Aka": 1.0943, "kp18": 1.1616, "kp31": 1.2317, "kp44": 1.3427, "kp60": 1.2211, "kb0": 0.9878, "kb18": 1.1616, "kb31": 1.1815, "kb44": 0.9348, "kb60": 1.0123, "kb80": 1.1471} H 228.68 neg 9 sumneg 0.1147
   neg ALPC-4 shoulder-joint / thoracic breadth <= MF|0.0 -0.0001
   neg skin TB/H > SK 0.1993 -0.0
   neg 02:ALPC-2a pelvic AP / thoracic depth >= MF|0.0 -0.0257
   neg 02:ALPC-2a pelvic AP / thoracic depth >= MF|0.5 -0.024
   neg 02:ALPC-2a pelvic AP / thoracic depth >= MF|1.0 -0.0217
   neg 02:ALPC-1b ribcage vertical / breadth >= MF|0.0 -0.0101
   neg 02:ALPC-1b ribcage vertical / breadth >= MF|0.5 -0.0142
   neg 02:ALPC-1b ribcage vertical / breadth >= MF|1.0 -0.0185
   neg 02:ALPC-3 proximal-femur proxy / S6 breadth >= MF|0.0 -0.0003
   step a=1.00 sumneg 0.0263 neg 9
   step a=0.50 sumneg 0.0198 neg 7
   step a=0.25 sumneg 0.0598 neg 9
iter 1 {"pelvisX": 1.1901, "pelvisY": 1.0393, "pelvisZ": 1.2799, "thigh": 1.2481, "clavY": 1.0103, "s03Y": 1.2059, "Aka": 1.0972, "kp18": 1.1641, "kp31": 1.239, "kp44": 1.3612, "kp60": 1.2499, "kb0": 0.9853, "kb18": 1.1582, "kb31": 1.1926, "kb44": 0.9269, "kb60": 1.023, "kb80": 1.1486} H 229.49 neg 7 sumneg 0.0198
   neg ALPC-7 S3_over_S2_b > equal-height Broad Skarn (beyond 1 %)|0.0 -0.0
   neg hip-joint scale (proximal-femur proxy) / crest breadth >= SK|0.0 -0.0007
   neg skin TB/H > SK 0.1989 -0.0019
   neg 02:ALPC-1b ribcage vertical / breadth >= MF|0.0 -0.0014
   neg 02:ALPC-1b ribcage vertical / breadth >= MF|0.5 -0.0056
   neg 02:ALPC-1b ribcage vertical / breadth >= MF|1.0 -0.0099
   neg 02:ALPC-3 proximal-femur proxy / S6 breadth >= MF|0.0 -0.0002
   step a=1.00 sumneg 0.1020 neg 12
   step a=0.50 sumneg 0.0165 neg 7
   step a=0.25 sumneg 0.0137 neg 6
iter 2 {"pelvisX": 1.1906, "pelvisY": 1.0361, "pelvisZ": 1.2736, "thigh": 1.2486, "clavY": 1.0117, "s03Y": 1.21, "Aka": 1.0979, "kp18": 1.1941, "kp31": 1.2246, "kp44": 1.3364, "kp60": 1.2506, "kb0": 0.9788, "kb18": 1.1602, "kb31": 1.1987, "kb44": 0.9202, "kb60": 1.0272, "kb80": 1.1489} H 229.62 neg 6 sumneg 0.0137
   neg ALPC-7 S3_over_S2_b > equal-height Broad Skarn (beyond 1 %)|0.0 -0.0
   neg hip-joint scale (proximal-femur proxy) / crest breadth >= SK|0.0 -0.0007
   neg skin TB/H > SK 0.1989 -0.0019
   neg 02:ALPC-1b ribcage vertical / breadth >= MF|0.5 -0.0032
   neg 02:ALPC-1b ribcage vertical / breadth >= MF|1.0 -0.0076
   neg 02:ALPC-3 proximal-femur proxy / S6 breadth >= MF|0.0 -0.0003
