iter 0 {"pelvisX": 1.15, "pelvisY": 1.0224, "pelvisZ": 1.2614, "thigh": 1.2566, "clavY": 0.9085, "s03Y": 1.1515, "Aka": 0.9279, "kp18": 1.1455, "kp31": 1.6494, "kp44": 1.7015, "kp60": 0.8869, "kb0": 1.2, "kb18": 1.3, "kb31": 1.3, "kb44": 1.0, "kb60": 1.0285, "kb80": 0.99} H 227.16 neg 14 sumneg 0.5732
   neg bitrochanteric / crest ~ MF (GO-P2b, hip joints under the lo|0.0 -0.0576
   neg bitrochanteric / crest ~ MF (GO-P2b, hip joints under the lo|0.5 -0.0592
   neg bitrochanteric / crest ~ MF (GO-P2b, hip joints under the lo|1.0 -0.0609
   neg ALPC-1 lower-thorax depth / thorax > MF|0.0 -0.0354
   neg ALPC-1 lower-thorax depth / thorax > MF|0.5 -0.0348
   neg ALPC-1 lower-thorax depth / thorax > MF|1.0 -0.034
   neg ALPC-2a crest breadth / thorax >= MF|0.0 -0.0087
   neg ALPC-2a crest breadth / thorax >= MF|0.5 -0.0087
   neg ALPC-2a crest breadth / thorax >= MF|1.0 -0.0087
   neg skin TB/H > SK 0.1960 -0.0165
   neg skin flank flare 0.0010 -0.0984
   neg 03:ALPC-2a crest breadth / thorax >= MF|0.0 -0.0484
   neg 03:ALPC-2a crest breadth / thorax >= MF|0.5 -0.0501
   neg 03:ALPC-2a crest breadth / thorax >= MF|1.0 -0.0519
   step a=1.00 sumneg 0.1486 neg 14
   step a=0.50 sumneg 0.2637 neg 16
   step a=0.25 sumneg 0.3225 neg 10
iter 1 {"pelvisX": 1.1831, "pelvisY": 1.0495, "pelvisZ": 1.1999, "thigh": 1.35, "clavY": 0.8978, "s03Y": 1.166, "Aka": 0.8079, "kp18": 1.2655, "kp31": 1.7694, "kp44": 1.8, "kp60": 0.85, "kb0": 1.08, "kb18": 1.3885, "kb31": 1.42, "kb44": 1.12, "kb60": 0.9221, "kb80": 1.0554} H 227.99 neg 14 sumneg 0.1486
   neg bitrochanteric / crest ~ MF (GO-P2b, hip joints under the lo|0.5 -0.0011
   neg bitrochanteric / crest ~ MF (GO-P2b, hip joints under the lo|1.0 -0.0025
   neg ALPC-1 lower-thorax depth / thorax > MF|0.0 -0.0222
   neg ALPC-1 lower-thorax depth / thorax > MF|0.5 -0.0211
   neg ALPC-1 lower-thorax depth / thorax > MF|1.0 -0.0196
   neg hip-joint scale (proximal-femur proxy) / crest breadth >= SK|0.0 -0.0173
   neg hip-joint scale (proximal-femur proxy) / crest breadth >= SK|0.5 -0.0083
   neg thoracic breadth / stature > SK (RM-LR-02 a)|0.0 -0.004
   neg thoracic breadth / stature > SK (RM-LR-02 a)|0.5 -0.0037
   neg thoracic breadth / stature > SK (RM-LR-02 a)|1.0 -0.0033
   neg skin TB/H > SK 0.1949 -0.022
   neg 03:ALPC-2a crest breadth / thorax >= MF|0.0 -0.0077
   neg 03:ALPC-2a crest breadth / thorax >= MF|0.5 -0.0078
   neg 03:ALPC-2a crest breadth / thorax >= MF|1.0 -0.0079
   step a=1.00 sumneg 0.2740 neg 11
   step a=0.50 sumneg 0.2037 neg 12
   step a=0.25 sumneg 0.1421 neg 12
iter 2 {"pelvisX": 1.2062, "pelvisY": 1.0564, "pelvisZ": 1.2055, "thigh": 1.35, "clavY": 0.9008, "s03Y": 1.1681, "Aka": 0.7779, "kp18": 1.2955, "kp31": 1.777, "kp44": 1.8, "kp60": 0.85, "kb0": 1.05, "kb18": 1.396, "kb31": 1.39, "kb44": 1.09, "kb60": 0.934, "kb80": 1.0854} H 228.15 neg 12 sumneg 0.1421
   neg bitrochanteric / crest ~ MF (GO-P2b, hip joints under the lo|0.0 -0.0026
   neg bitrochanteric / crest ~ MF (GO-P2b, hip joints under the lo|0.5 -0.0019
   neg bitrochanteric / crest ~ MF (GO-P2b, hip joints under the lo|1.0 -0.001
   neg ALPC-1 lower-thorax depth / thorax > MF|0.0 -0.0211
   neg ALPC-1 lower-thorax depth / thorax > MF|0.5 -0.02
   neg ALPC-1 lower-thorax depth / thorax > MF|1.0 -0.0184
   neg hip-joint scale (proximal-femur proxy) / crest breadth >= SK|0.0 -0.0134
   neg hip-joint scale (proximal-femur proxy) / crest breadth >= SK|0.5 -0.004
   neg skin TB/H > SK 0.1959 -0.0172
   neg 03:ALPC-2a crest breadth / thorax >= MF|0.0 -0.0138
   neg 03:ALPC-2a crest breadth / thorax >= MF|0.5 -0.0141
   neg 03:ALPC-2a crest breadth / thorax >= MF|1.0 -0.0145
