iter 0 {"pelvisX": 1.0315, "pelvisY": 1.045, "pelvisZ": 1.2644, "thigh": 1.1941, "clavY": 0.9368, "s03Y": 1.186, "Aka": 0.9608, "kp18": 1.1122, "kp31": 1.6, "kp44": 1.65, "kp60": 0.92, "kb0": 1.1619, "kb18": 1.4, "kb31": 1.2688, "kb44": 0.95, "kb60": 1.05, "kb80": 1.02} H 228.76 neg 18 sumneg 1.8276
   neg bitrochanteric / crest ~ MF (GO-P2b, hip joints under the lo|0.0 -0.1221
   neg bitrochanteric / crest ~ MF (GO-P2b, hip joints under the lo|0.5 -0.1264
   neg bitrochanteric / crest ~ MF (GO-P2b, hip joints under the lo|1.0 -0.131
   neg ALPC-2a hip-level breadth / thorax >= MF|0.0 -0.0629
   neg ALPC-2a hip-level breadth / thorax >= MF|0.5 -0.065
   neg ALPC-2a hip-level breadth / thorax >= MF|1.0 -0.0672
   neg ALPC-7 S6_over_S2_b > equal-height Broad Skarn (beyond 1 %)|0.0 -0.0735
   neg ALPC-7 S6_over_S2_b > equal-height Broad Skarn (beyond 1 %)|0.5 -0.0754
   neg ALPC-7 S6_over_S2_b > equal-height Broad Skarn (beyond 1 %)|1.0 -0.0775
   neg hip-joint scale (proximal-femur proxy) / crest breadth >= MF|0.0 -0.0735
   neg hip-joint scale (proximal-femur proxy) / crest breadth >= MF|0.5 -0.0715
   neg hip-joint scale (proximal-femur proxy) / crest breadth >= MF|1.0 -0.0682
   neg hip-joint scale (proximal-femur proxy) / crest breadth >= SK|0.0 -0.0788
   neg hip-joint scale (proximal-femur proxy) / crest breadth >= SK|0.5 -0.0778
   neg hip-joint scale (proximal-femur proxy) / crest breadth >= SK|1.0 -0.076
   neg ALPC-3 subtrochanteric shaft breadth / femur length >= MF|0.0 -0.0035
   neg skin TB/H > SK 0.1950 -0.022
   neg skin flank flare 0.0056 -0.5554
   step a=1.00 sumneg 0.2576 neg 22
   step a=0.50 sumneg 0.7465 neg 17
   step a=0.25 sumneg 1.2916 neg 17
iter 1 {"pelvisX": 1.1515, "pelvisY": 1.1, "pelvisZ": 1.1444, "thigh": 1.25, "clavY": 0.9884, "s03Y": 1.1413, "Aka": 0.9447, "kp18": 1.1824, "kp31": 1.5558, "kp44": 1.5656, "kp60": 1.0366, "kb0": 1.0419, "kb18": 1.28, "kb31": 1.1488, "kb44": 0.9, "kb60": 0.9486, "kb80": 1.0917} H 227.53 neg 22 sumneg 0.2576
   neg bitrochanteric / crest ~ MF (GO-P2b, hip joints under the lo|0.0 -0.0243
   neg bitrochanteric / crest ~ MF (GO-P2b, hip joints under the lo|0.5 -0.0259
   neg bitrochanteric / crest ~ MF (GO-P2b, hip joints under the lo|1.0 -0.0278
   neg ALPC-2a pelvic AP / thoracic depth >= MF|0.0 -0.0314
   neg ALPC-2a pelvic AP / thoracic depth >= MF|0.5 -0.0303
   neg ALPC-2a pelvic AP / thoracic depth >= MF|1.0 -0.0289
   neg ALPC-4 shoulder-joint / thoracic breadth <= MF|0.0 -0.0102
   neg ALPC-4 shoulder-joint / thoracic breadth <= MF|0.5 -0.008
   neg ALPC-4 shoulder-joint / thoracic breadth <= MF|1.0 -0.0058
   neg ALPC-7 S3_over_S2_b > equal-height Broad Skarn (beyond 1 %)|0.0 -0.0036
   neg ALPC-7 S3_over_S2_b > equal-height Broad Skarn (beyond 1 %)|0.5 -0.0031
   neg ALPC-7 S3_over_S2_b > equal-height Broad Skarn (beyond 1 %)|1.0 -0.0025
   neg ALPC-1b ribcage vertical / breadth >= MF|0.0 -0.0021
   neg ALPC-1b ribcage vertical / breadth >= MF|0.5 -0.0042
   neg ALPC-1b ribcage vertical / breadth >= MF|1.0 -0.0064
   neg hip-joint scale (proximal-femur proxy) / crest breadth >= MF|0.0 -0.007
   neg hip-joint scale (proximal-femur proxy) / crest breadth >= SK|0.0 -0.0126
   neg hip-joint scale (proximal-femur proxy) / crest breadth >= SK|0.5 -0.0057
   neg biacromial / thoracic breadth <= MF (ALPC-4, acromial landma|0.0 -0.0013
   neg biacromial / thoracic breadth <= MF (ALPC-4, acromial landma|0.5 -0.0009
   neg biacromial / thoracic breadth <= MF (ALPC-4, acromial landma|1.0 -0.0005
   neg skin TB/H > SK 0.1963 -0.0154
   step a=1.00 sumneg 0.0218 neg 5
   step a=0.50 sumneg 0.0831 neg 15
   step a=0.25 sumneg 0.1610 neg 19
iter 2 {"pelvisX": 1.1888, "pelvisY": 1.0211, "pelvisZ": 1.1861, "thigh": 1.25, "clavY": 1.001, "s03Y": 1.1796, "Aka": 1.0647, "kp18": 1.297, "kp31": 1.4501, "kp44": 1.4527, "kp60": 1.0231, "kb0": 0.9285, "kb18": 1.1754, "kb31": 1.2141, "kb44": 0.9, "kb60": 0.9917, "kb80": 1.15} H 228.21 neg 5 sumneg 0.0218
   neg ALPC-1b ribcage vertical / breadth >= MF|1.0 -0.001
   neg thoracic depth / breadth > SK (AD-G7)|0.0 -0.0072
   neg thoracic depth / breadth > SK (AD-G7)|0.5 -0.0062
   neg thoracic depth / breadth > SK (AD-G7)|1.0 -0.0051
   neg skin TB/H > SK 0.1988 -0.0023
   step a=1.00 sumneg 0.0010 neg 4
   step a=0.50 sumneg 0.0085 neg 6
   step a=0.25 sumneg 0.0144 neg 5
iter 3 {"pelvisX": 1.1934, "pelvisY": 1.0221, "pelvisZ": 1.2091, "thigh": 1.2397, "clavY": 1.0096, "s03Y": 1.1904, "Aka": 1.1, "kp18": 1.2317, "kp31": 1.3372, "kp44": 1.4137, "kp60": 1.1431, "kb0": 0.9678, "kb18": 1.1583, "kb31": 1.1844, "kb44": 0.9284, "kb60": 1.0136, "kb80": 1.1466} H 228.66 neg 4 sumneg 0.0010
   neg ALPC-2a pelvic AP / thoracic depth >= MF|0.0 -0.0004
   neg ALPC-4 shoulder-joint / thoracic breadth <= MF|0.0 -0.0005
   neg ALPC-3 proximal-femur proxy / S6 breadth >= MF|0.0 -0.0
   neg skin TB/H > SK 0.1993 -0.0
