SKP P0 align s 1.0014 resid 0.000/0.000 GH breadth 44.11 biac 43.75
SKP P0-03 align s 1.0018 resid 0.000/0.000 GH breadth 46.74 biac 46.41
time 25 H 228.76 sumneg 2.1051
  neg bitrochanteric / crest ~ MF (GO-P2b, hip joints under the lo|0.0 -0.062
  neg bitrochanteric / crest ~ MF (GO-P2b, hip joints under the lo|0.5 -0.0646
  neg bitrochanteric / crest ~ MF (GO-P2b, hip joints under the lo|1.0 -0.0673
  neg ALPC-1 lower-thorax depth / thorax > MF|0.0 -0.0
  neg ALPC-2a hip-level breadth / thorax >= MF|0.0 -0.048
  neg ALPC-2a hip-level breadth / thorax >= MF|0.5 -0.0495
  neg ALPC-2a hip-level breadth / thorax >= MF|1.0 -0.0512
  neg ALPC-7 S6_over_S2_b > equal-height Broad Skarn (beyond 1 %)|0.0 -0.0135
  neg ALPC-7 S6_over_S2_b > equal-height Broad Skarn (beyond 1 %)|0.5 -0.0135
  neg ALPC-7 S6_over_S2_b > equal-height Broad Skarn (beyond 1 %)|1.0 -0.0134
  neg hip-joint scale (proximal-femur proxy) / crest breadth >= MF|0.0 -0.0093
  neg hip-joint scale (proximal-femur proxy) / crest breadth >= MF|0.5 -0.0049
  neg hip-joint scale (proximal-femur proxy) / crest breadth >= SK|0.0 -0.0597
  neg hip-joint scale (proximal-femur proxy) / crest breadth >= SK|0.5 -0.0584
  neg hip-joint scale (proximal-femur proxy) / crest breadth >= SK|1.0 -0.0562
  neg ALPC-3 subtrochanteric shaft breadth / femur length >= MF|0.0 -0.0035
  neg skin TB/H > SK 0.1937 -0.0284
  neg skin flank flare 0.0056 -0.9554
  neg 03:ALPC-2a crest breadth / thorax >= MF|0.0 -0.0877
  neg 03:ALPC-2a crest breadth / thorax >= MF|0.5 -0.0909
  neg 03:ALPC-2a crest breadth / thorax >= MF|1.0 -0.0943
  neg 03:ALPC-2a hip-level breadth / thorax >= MF|0.0 -0.0431
  neg 03:ALPC-2a hip-level breadth / thorax >= MF|0.5 -0.0444
  neg 03:ALPC-2a hip-level breadth / thorax >= MF|1.0 -0.0458
  neg 03:ALPC-3 subtrochanteric shaft breadth / femur length >= MF|0.0 -0.0529
  neg 03:ALPC-3 subtrochanteric shaft breadth / femur length >= MF|0.5 -0.047
  neg 03:ALPC-3 subtrochanteric shaft breadth / femur length >= MF|1.0 -0.0401
   arm clearance 1.094
   skin TB/H > SK 0.1937
   skin flank flare 0.0056
