LIMITS {"lean_hip_max": 1.1061116130687616, "lean_waist_min": 0.7313921248647165, "lean_d2b_max": 0.014744393179114607, "lean_d2d_max": 0.0026933848476319855, "skin_hip_max": 0.9711162779155175, "skin_shelf_min": 0.8392390852630365} margins 0.025 0.008 0.006
iter 0 {"pelvisX": 1.1859, "pelvisY": 1.0285, "pelvisZ": 1.2359, "thigh": 1.25, "clavY": 0.9986, "s03Y": 1.2041, "Aka": 1.0587, "kpL": 1.3957, "kpU": 1.2433, "kb0": 0.9595, "kb18": 1.1591, "kb31": 1.2691, "kb44": 0.9237, "kb60": 0.975, "kb80": 1.1436, "thorX": 1.03} H 229.28 neg 75 sumneg 1.2139
   neg bitrochanteric / crest ~ MF (GO-P2b, hip joints under the lo|0.0 -0.0058
   neg bitrochanteric / crest ~ MF (GO-P2b, hip joints under the lo|0.5 -0.0069
   neg bitrochanteric / crest ~ MF (GO-P2b, hip joints under the lo|1.0 -0.0082
   neg pelvic vertical / stature >= GR (GO-P3)|0.0 -0.0006
   neg pelvic vertical / stature >= GR (GO-P3)|0.5 -0.0006
   neg pelvic vertical / stature >= GR (GO-P3)|1.0 -0.0006
   neg ALPC-7 S3_over_S2_b > equal-height Broad Skarn (beyond 1 %)|0.0 -0.0006
   neg ALPC-7 S5_over_S2_b > equal-height Broad Skarn (beyond 1 %)|0.0 -0.0198
   neg ALPC-7 S5_over_S2_b > equal-height Broad Skarn (beyond 1 %)|0.5 -0.0196
   neg ALPC-7 S5_over_S2_b > equal-height Broad Skarn (beyond 1 %)|1.0 -0.0194
   neg ALPC-7 S6_over_S2_b > equal-height Broad Skarn (beyond 1 %)|0.0 -0.007
   neg ALPC-7 S6_over_S2_b > equal-height Broad Skarn (beyond 1 %)|0.5 -0.0068
   neg ALPC-7 S6_over_S2_b > equal-height Broad Skarn (beyond 1 %)|1.0 -0.0066
   neg ALPC-1b ribcage vertical / breadth >= MF|0.0 -0.0098
   neg ALPC-1b ribcage vertical / breadth >= MF|0.5 -0.0134
   neg ALPC-1b ribcage vertical / breadth >= MF|1.0 -0.0173
   neg thoracic depth / breadth > SK (AD-G7)|0.0 -0.0279
   neg thoracic depth / breadth > SK (AD-G7)|0.5 -0.0271
   neg thoracic depth / breadth > SK (AD-G7)|1.0 -0.0261
   neg hip-joint scale (proximal-femur proxy) / crest breadth >= MF|0.0 -0.0094
   neg hip-joint scale (proximal-femur proxy) / crest breadth >= MF|0.5 -0.0013
   neg hip-joint scale (proximal-femur proxy) / crest breadth >= SK|0.0 -0.015
   neg hip-joint scale (proximal-femur proxy) / crest breadth >= SK|0.5 -0.0082
   neg skin TB/H > SK 0.2010 -0.0032
   neg 02:ALPC-2a pelvic AP / thoracic depth >= MF|0.0 -0.0019
   neg 02:ALPC-1b ribcage vertical / breadth >= MF|0.0 -0.026
   neg 02:ALPC-1b ribcage vertical / breadth >= MF|0.5 -0.0307
   neg 02:ALPC-1b ribcage vertical / breadth >= MF|1.0 -0.0356
   neg 02:ALPC-3 proximal-femur proxy / S6 breadth >= MF|0.0 -0.0025
   neg 02 vs SKB215:ALPC-7 S5_over_S2_b > equal-height Broad Skarn (beyond 1 %)|0.0 -0.0271
   neg 02 vs SKB215:ALPC-7 S5_over_S2_b > equal-height Broad Skarn (beyond 1 %)|0.5 -0.0272
   neg 02 vs SKB215:ALPC-7 S5_over_S2_b > equal-height Broad Skarn (beyond 1 %)|1.0 -0.0272
   neg 02 vs SKB215:ALPC-7 S6_over_S2_b > equal-height Broad Skarn (beyond 1 %)|0.0 -0.0129
   neg 02 vs SKB215:ALPC-7 S6_over_S2_b > equal-height Broad Skarn (beyond 1 %)|0.5 -0.013
   neg 02 vs SKB215:ALPC-7 S6_over_S2_b > equal-height Broad Skarn (beyond 1 %)|1.0 -0.0131
   neg 02 vs SKB222:ALPC-7 S5_over_S2_b > equal-height Broad Skarn (beyond 1 %)|0.0 -0.0292
   neg 02 vs SKB222:ALPC-7 S5_over_S2_b > equal-height Broad Skarn (beyond 1 %)|0.5 -0.0293
   neg 02 vs SKB222:ALPC-7 S5_over_S2_b > equal-height Broad Skarn (beyond 1 %)|1.0 -0.0294
   neg 02 vs SKB222:ALPC-7 S6_over_S2_b > equal-height Broad Skarn (beyond 1 %)|0.0 -0.0127
   neg 02 vs SKB222:ALPC-7 S6_over_S2_b > equal-height Broad Skarn (beyond 1 %)|0.5 -0.0127
   neg 02 vs SKB222:ALPC-7 S6_over_S2_b > equal-height Broad Skarn (beyond 1 %)|1.0 -0.0128
   neg 02 vs SKB229:ALPC-7 S5_over_S2_b > equal-height Broad Skarn (beyond 1 %)|0.0 -0.0312
   neg 02 vs SKB229:ALPC-7 S5_over_S2_b > equal-height Broad Skarn (beyond 1 %)|0.5 -0.0313
   neg 02 vs SKB229:ALPC-7 S5_over_S2_b > equal-height Broad Skarn (beyond 1 %)|1.0 -0.0315
   neg 02 vs SKB229:ALPC-7 S6_over_S2_b > equal-height Broad Skarn (beyond 1 %)|0.0 -0.0124
   neg 02 vs SKB229:ALPC-7 S6_over_S2_b > equal-height Broad Skarn (beyond 1 %)|0.5 -0.0125
   neg 02 vs SKB229:ALPC-7 S6_over_S2_b > equal-height Broad Skarn (beyond 1 %)|1.0 -0.0126
   neg 215:ALPC-1b ribcage vertical / breadth >= MF|0.0 -0.0211
   neg 215:ALPC-1b ribcage vertical / breadth >= MF|0.5 -0.0255
   neg 215:ALPC-1b ribcage vertical / breadth >= MF|1.0 -0.0301
   neg 215:ALPC-3 proximal-femur proxy / S6 breadth >= MF|0.0 -0.0013
   neg 215 vs SKB222:ALPC-7 S5_over_S2_b > equal-height Broad Skarn (beyond 1 %)|0.0 -0.0258
   neg 215 vs SKB222:ALPC-7 S5_over_S2_b > equal-height Broad Skarn (beyond 1 %)|0.5 -0.0258
   neg 215 vs SKB222:ALPC-7 S5_over_S2_b > equal-height Broad Skarn (beyond 1 %)|1.0 -0.0258
   neg 215 vs SKB222:ALPC-7 S6_over_S2_b > equal-height Broad Skarn (beyond 1 %)|0.0 -0.011
   neg 215 vs SKB222:ALPC-7 S6_over_S2_b > equal-height Broad Skarn (beyond 1 %)|0.5 -0.011
   neg 215 vs SKB222:ALPC-7 S6_over_S2_b > equal-height Broad Skarn (beyond 1 %)|1.0 -0.011
   neg 215 vs SKB229:ALPC-7 S5_over_S2_b > equal-height Broad Skarn (beyond 1 %)|0.0 -0.0278
   neg 215 vs SKB229:ALPC-7 S5_over_S2_b > equal-height Broad Skarn (beyond 1 %)|0.5 -0.0278
   neg 215 vs SKB229:ALPC-7 S5_over_S2_b > equal-height Broad Skarn (beyond 1 %)|1.0 -0.0279
   neg 215 vs SKB229:ALPC-7 S6_over_S2_b > equal-height Broad Skarn (beyond 1 %)|0.0 -0.0107
   neg 215 vs SKB229:ALPC-7 S6_over_S2_b > equal-height Broad Skarn (beyond 1 %)|0.5 -0.0108
   neg 215 vs SKB229:ALPC-7 S6_over_S2_b > equal-height Broad Skarn (beyond 1 %)|1.0 -0.0108
   neg 222:ALPC-1b ribcage vertical / breadth >= MF|0.0 -0.0158
   neg 222:ALPC-1b ribcage vertical / breadth >= MF|0.5 -0.0198
   neg 222:ALPC-1b ribcage vertical / breadth >= MF|1.0 -0.0241
   neg 222:ALPC-3 subtrochanteric shaft breadth / femur length >= MF|0.0 -0.0096
   neg 222:ALPC-3 subtrochanteric shaft breadth / femur length >= MF|0.5 -0.0041
   neg 222 vs SKB229:ALPC-7 S5_over_S2_b > equal-height Broad Skarn (beyond 1 %)|0.0 -0.0242
   neg 222 vs SKB229:ALPC-7 S5_over_S2_b > equal-height Broad Skarn (beyond 1 %)|0.5 -0.0241
   neg 222 vs SKB229:ALPC-7 S5_over_S2_b > equal-height Broad Skarn (beyond 1 %)|1.0 -0.024
   neg 222 vs SKB229:ALPC-7 S6_over_S2_b > equal-height Broad Skarn (beyond 1 %)|0.0 -0.009
   neg 222 vs SKB229:ALPC-7 S6_over_S2_b > equal-height Broad Skarn (beyond 1 %)|0.5 -0.0089
   neg 222 vs SKB229:ALPC-7 S6_over_S2_b > equal-height Broad Skarn (beyond 1 %)|1.0 -0.0088
   neg 03:ALPC-1b ribcage vertical / breadth >= MF|1.0 -0.0013
   step a=1.00 sumneg 0.1270 neg 28 score 0.13247
   step a=0.50 sumneg 0.4899 neg 51 score 0.49494
