LIMITS {"lean_hip_max": 1.1061116130687616, "lean_waist_min": 0.7313921248647165, "lean_d2b_max": 0.014744393179114607, "lean_d2d_max": 0.0026933848476319855, "skin_hip_max": 0.9711162779155175, "skin_shelf_min": 0.8392390852630365} margins 0.025 0.008 0.006
iter 0 {"pelvisX": 1.1847, "pelvisY": 1.0276, "pelvisZ": 1.2474, "thigh": 1.25, "clavY": 0.9977, "s03Y": 1.2034, "Aka": 1.067, "kpL": 1.3457, "kpU": 1.2568, "kb0": 0.9107, "kb18": 1.1568, "kb31": 1.3191, "kb44": 0.912, "kb60": 0.9695, "kb80": 1.1442} H 229.25 neg 32 sumneg 0.1930
   neg bitrochanteric / crest ~ MF (GO-P2b, hip joints under the lo|0.0 -0.0027
   neg bitrochanteric / crest ~ MF (GO-P2b, hip joints under the lo|0.5 -0.0037
   neg bitrochanteric / crest ~ MF (GO-P2b, hip joints under the lo|1.0 -0.0049
   neg pelvic vertical / stature >= GR (GO-P3)|0.0 -0.0008
   neg pelvic vertical / stature >= GR (GO-P3)|0.5 -0.0008
   neg pelvic vertical / stature >= GR (GO-P3)|1.0 -0.0008
   neg ALPC-4 shoulder-joint / thoracic breadth <= MF|0.0 -0.0026
   neg hip-joint scale (proximal-femur proxy) / crest breadth >= MF|0.0 -0.0058
   neg hip-joint scale (proximal-femur proxy) / crest breadth >= SK|0.0 -0.0115
   neg hip-joint scale (proximal-femur proxy) / crest breadth >= SK|0.5 -0.0045
   neg skin TB/H > SK 0.1960 -0.0285
   neg skeleton hip/thorax 1.132 <= ref max -0.0233
   neg GOR-BODY-16 skin crest / narrowest level above it 0.9527 >= 1.01 -0.0573
   neg 02:ALPC-2a pelvic AP / thoracic depth >= MF|0.0 -0.0013
   neg 02:ALPC-4 shoulder-joint / thoracic breadth <= MF|0.0 -0.0012
   neg 02:ALPC-1b ribcage vertical / breadth >= MF|0.5 -0.0003
   neg 02:ALPC-1b ribcage vertical / breadth >= MF|1.0 -0.0044
   neg 02:ALPC-3 proximal-femur proxy / S6 breadth >= MF|0.0 -0.0021
   neg 02 vs SKB215:ALPC-7 S5_over_S2_b > equal-height Broad Skarn (beyond 1 %)|0.0 -0.0005
   neg 02 vs SKB222:ALPC-7 S5_over_S2_b > equal-height Broad Skarn (beyond 1 %)|0.0 -0.0026
   neg 02 vs SKB222:ALPC-7 S5_over_S2_b > equal-height Broad Skarn (beyond 1 %)|0.5 -0.0018
   neg 02 vs SKB222:ALPC-7 S5_over_S2_b > equal-height Broad Skarn (beyond 1 %)|1.0 -0.001
   neg 02 vs SKB229:ALPC-7 S5_over_S2_b > equal-height Broad Skarn (beyond 1 %)|0.0 -0.0046
   neg 02 vs SKB229:ALPC-7 S5_over_S2_b > equal-height Broad Skarn (beyond 1 %)|0.5 -0.0039
   neg 02 vs SKB229:ALPC-7 S5_over_S2_b > equal-height Broad Skarn (beyond 1 %)|1.0 -0.0031
   neg 215:ALPC-4 shoulder-joint / thoracic breadth <= MF|0.0 -0.0012
   neg 215:ALPC-3 proximal-femur proxy / S6 breadth >= MF|0.0 -0.0008
   neg 215 vs SKB229:ALPC-7 S5_over_S2_b > equal-height Broad Skarn (beyond 1 %)|0.0 -0.0012
   neg 215 vs SKB229:ALPC-7 S5_over_S2_b > equal-height Broad Skarn (beyond 1 %)|0.5 -0.0003
   neg 222:ALPC-4 shoulder-joint / thoracic breadth <= MF|0.0 -0.0017
   neg 222:ALPC-3 subtrochanteric shaft breadth / femur length >= MF|0.0 -0.0097
   neg 222:ALPC-3 subtrochanteric shaft breadth / femur length >= MF|0.5 -0.0042
   step a=1.00 sumneg 0.2161 neg 54 score 0.22109
   step a=0.50 sumneg 0.1886 neg 32 score 0.19368
   step a=0.25 sumneg 0.1910 neg 32 score 0.19614
iter 1 {"pelvisX": 1.1859, "pelvisY": 1.0285, "pelvisZ": 1.2359, "thigh": 1.25, "clavY": 0.9986, "s03Y": 1.2041, "Aka": 1.0587, "kpL": 1.3957, "kpU": 1.2433, "kb0": 0.9595, "kb18": 1.1591, "kb31": 1.2691, "kb44": 0.9237, "kb60": 0.975, "kb80": 1.1436} H 229.28 neg 32 sumneg 0.1886
   neg bitrochanteric / crest ~ MF (GO-P2b, hip joints under the lo|0.0 -0.0034
   neg bitrochanteric / crest ~ MF (GO-P2b, hip joints under the lo|0.5 -0.0045
   neg bitrochanteric / crest ~ MF (GO-P2b, hip joints under the lo|1.0 -0.0056
   neg pelvic vertical / stature >= GR (GO-P3)|0.0 -0.0006
   neg pelvic vertical / stature >= GR (GO-P3)|0.5 -0.0006
   neg pelvic vertical / stature >= GR (GO-P3)|1.0 -0.0006
   neg ALPC-4 shoulder-joint / thoracic breadth <= MF|0.0 -0.0022
   neg hip-joint scale (proximal-femur proxy) / crest breadth >= MF|0.0 -0.007
   neg hip-joint scale (proximal-femur proxy) / crest breadth >= SK|0.0 -0.0126
   neg hip-joint scale (proximal-femur proxy) / crest breadth >= SK|0.5 -0.0057
   neg skin TB/H > SK 0.1962 -0.0277
   neg skeleton hip/thorax 1.133 <= ref max -0.0247
   neg GOR-BODY-16 skin crest / narrowest level above it 0.9642 >= 1.01 -0.0458
   neg 02:ALPC-2a pelvic AP / thoracic depth >= MF|0.0 -0.0019
   neg 02:ALPC-4 shoulder-joint / thoracic breadth <= MF|0.0 -0.0008
   neg 02:ALPC-1b ribcage vertical / breadth >= MF|0.5 -0.0011
   neg 02:ALPC-1b ribcage vertical / breadth >= MF|1.0 -0.0052
   neg 02:ALPC-3 proximal-femur proxy / S6 breadth >= MF|0.0 -0.0025
   neg 02 vs SKB215:ALPC-7 S5_over_S2_b > equal-height Broad Skarn (beyond 1 %)|0.0 -0.0005
   neg 02 vs SKB222:ALPC-7 S5_over_S2_b > equal-height Broad Skarn (beyond 1 %)|0.0 -0.0026
   neg 02 vs SKB222:ALPC-7 S5_over_S2_b > equal-height Broad Skarn (beyond 1 %)|0.5 -0.0018
   neg 02 vs SKB222:ALPC-7 S5_over_S2_b > equal-height Broad Skarn (beyond 1 %)|1.0 -0.001
   neg 02 vs SKB229:ALPC-7 S5_over_S2_b > equal-height Broad Skarn (beyond 1 %)|0.0 -0.0046
   neg 02 vs SKB229:ALPC-7 S5_over_S2_b > equal-height Broad Skarn (beyond 1 %)|0.5 -0.0039
   neg 02 vs SKB229:ALPC-7 S5_over_S2_b > equal-height Broad Skarn (beyond 1 %)|1.0 -0.0032
   neg 215:ALPC-4 shoulder-joint / thoracic breadth <= MF|0.0 -0.0008
   neg 215:ALPC-3 proximal-femur proxy / S6 breadth >= MF|0.0 -0.0013
   neg 215 vs SKB229:ALPC-7 S5_over_S2_b > equal-height Broad Skarn (beyond 1 %)|0.0 -0.0011
   neg 215 vs SKB229:ALPC-7 S5_over_S2_b > equal-height Broad Skarn (beyond 1 %)|0.5 -0.0003
   neg 222:ALPC-4 shoulder-joint / thoracic breadth <= MF|0.0 -0.0013
   neg 222:ALPC-3 subtrochanteric shaft breadth / femur length >= MF|0.0 -0.0096
   neg 222:ALPC-3 subtrochanteric shaft breadth / femur length >= MF|0.5 -0.0041
   Jacobian Broyden update
   step a=1.00 sumneg 0.2009 neg 46 score 0.20595
