LIMITS {"lean_hip_max": 1.1061116130687616, "lean_waist_min": 0.7313921248647165, "lean_d2b_max": 0.014744393179114607, "lean_d2d_max": 0.0026933848476319855, "lean_shelf_min": 0.6649586271517894, "skin_hip_max": 0.9711162779155175, "skin_shelf_min": 0.8392390852630365} margins 0.025 0.008 0.006
iter 0 {"pelvisX": 1.2115, "pelvisY": 1.035, "pelvisZ": 1.2163, "thigh": 1.3881, "clavY": 1.0145, "s03Y": 1.2304, "Aka": 1.0741, "kpL": 1.6207, "kpU": 1.2709, "kb0": 1.0107, "kb18": 1.1497, "kb31": 1.3421, "kb44": 0.9115, "kb60": 0.9082, "kb80": 1.1427, "thorX": 1.0402} H 230.38 neg 11 sumneg 0.0276
   neg bitrochanteric / crest ~ MF (GO-P2b, hip joints under the lo|0.0 -0.0002
   neg pelvic vertical / stature >= GR (GO-P3)|0.0 -0.0003
   neg pelvic vertical / stature >= GR (GO-P3)|0.5 -0.0003
   neg pelvic vertical / stature >= GR (GO-P3)|1.0 -0.0003
   neg thoracic depth / breadth > SK (AD-G7)|0.0 -0.0
   neg skin TB/H > SK 0.1993 -0.0119
   neg 02:ALPC-2a pelvic AP / thoracic depth >= MF|0.0 -0.0036
   neg 02:ALPC-2a pelvic AP / thoracic depth >= MF|0.5 -0.0003
   neg 02:ALPC-1b ribcage vertical / breadth >= MF|0.5 -0.0025
   neg 02:ALPC-1b ribcage vertical / breadth >= MF|1.0 -0.0071
   neg 215:ALPC-1b ribcage vertical / breadth >= MF|1.0 -0.0013
   step a=1.00 sumneg 0.0989 neg 16 score 0.09980
   step a=0.50 sumneg 0.0475 neg 14 score 0.04764
   step a=0.25 sumneg 0.0236 neg 10 score 0.02381
iter 1 {"pelvisX": 1.2018, "pelvisY": 1.0347, "pelvisZ": 1.2388, "thigh": 1.3863, "clavY": 1.0171, "s03Y": 1.2342, "Aka": 1.0723, "kpL": 1.6225, "kpU": 1.2782, "kb0": 1.0243, "kb18": 1.1716, "kb31": 1.3171, "kb44": 0.9116, "kb60": 0.9083, "kb80": 1.1427, "thorX": 1.0429} H 230.54 neg 10 sumneg 0.0236
   neg bitrochanteric / crest ~ MF (GO-P2b, hip joints under the lo|1.0 -0.0006
   neg pelvic vertical / stature >= GR (GO-P3)|0.0 -0.0002
   neg pelvic vertical / stature >= GR (GO-P3)|0.5 -0.0002
   neg pelvic vertical / stature >= GR (GO-P3)|1.0 -0.0002
   neg chest-lead I9c -0.0024
   neg skin TB/H > SK 0.1996 -0.0104
   neg 02:ALPC-1b ribcage vertical / breadth >= MF|0.5 -0.002
   neg 02:ALPC-1b ribcage vertical / breadth >= MF|1.0 -0.0067
   neg 215:ALPC-1b ribcage vertical / breadth >= MF|1.0 -0.0009
   neg 222:ALPC-4 shoulder-joint / thoracic breadth <= MF|0.0 -0.0001
