LIMITS {"lean_hip_max": 1.1061116130687616, "lean_waist_min": 0.7313921248647165, "lean_d2b_max": 0.014744393179114607, "lean_d2d_max": 0.0026933848476319855, "skin_hip_max": 0.9711162779155175, "skin_shelf_min": 0.8392390852630365} margins 0.025 0.008 0.006
iter 0 {"pelvisX": 1.1906, "pelvisY": 1.0361, "pelvisZ": 1.2736, "thigh": 1.28, "clavY": 1.0117, "s03Y": 1.21, "Aka": 1.0979, "kpL": 1.2457, "kpU": 1.3322, "kb0": 0.9955, "kb18": 1.18, "kb31": 1.2191, "kb44": 0.9358, "kb60": 1.0447, "kb80": 1.1684} H 229.62 neg 78 sumneg 0.6919
   neg bitrochanteric / crest ~ MF (GO-P2b, hip joints under the lo|0.0 -0.0045
   neg bitrochanteric / crest ~ MF (GO-P2b, hip joints under the lo|0.5 -0.0057
   neg bitrochanteric / crest ~ MF (GO-P2b, hip joints under the lo|1.0 -0.0069
   neg ALPC-7 S3_over_S2_b > equal-height Broad Skarn (beyond 1 %)|0.0 -0.0099
   neg ALPC-7 S3_over_S2_b > equal-height Broad Skarn (beyond 1 %)|0.5 -0.009
   neg ALPC-7 S3_over_S2_b > equal-height Broad Skarn (beyond 1 %)|1.0 -0.0079
   neg ALPC-7 S5_over_S2_b > equal-height Broad Skarn (beyond 1 %)|0.0 -0.007
   neg ALPC-7 S5_over_S2_b > equal-height Broad Skarn (beyond 1 %)|0.5 -0.0063
   neg ALPC-7 S5_over_S2_b > equal-height Broad Skarn (beyond 1 %)|1.0 -0.0056
   neg ALPC-1b ribcage vertical / breadth >= MF|0.5 -0.0028
   neg ALPC-1b ribcage vertical / breadth >= MF|1.0 -0.0065
   neg thoracic depth / breadth > SK (AD-G7)|0.0 -0.0047
   neg thoracic depth / breadth > SK (AD-G7)|0.5 -0.003
   neg thoracic depth / breadth > SK (AD-G7)|1.0 -0.001
   neg hip-joint scale (proximal-femur proxy) / crest breadth >= MF|0.0 -0.0006
   neg hip-joint scale (proximal-femur proxy) / crest breadth >= SK|0.0 -0.0062
   neg skin TB/H > SK 0.1995 -0.0108
   neg skeleton hip/thorax 1.118 <= ref max -0.0106
   neg GOR-BODY-16 skin waist S5/S4 1.0000 >= 1.01 -0.01
   neg 02:ALPC-2a pelvic AP / thoracic depth >= MF|0.0 -0.008
   neg 02:ALPC-2a pelvic AP / thoracic depth >= MF|0.5 -0.0049
   neg 02:ALPC-2a pelvic AP / thoracic depth >= MF|1.0 -0.0011
   neg 02:ALPC-1b ribcage vertical / breadth >= MF|0.0 -0.0157
   neg 02:ALPC-1b ribcage vertical / breadth >= MF|0.5 -0.0202
   neg 02:ALPC-1b ribcage vertical / breadth >= MF|1.0 -0.0249
   neg 02 vs SKB215:ALPC-7 S3_over_S2_b > equal-height Broad Skarn (beyond 1 %)|0.0 -0.0068
   neg 02 vs SKB215:ALPC-7 S3_over_S2_b > equal-height Broad Skarn (beyond 1 %)|0.5 -0.0057
   neg 02 vs SKB215:ALPC-7 S3_over_S2_b > equal-height Broad Skarn (beyond 1 %)|1.0 -0.0044
   neg 02 vs SKB215:ALPC-7 S5_over_S2_b > equal-height Broad Skarn (beyond 1 %)|0.0 -0.0146
   neg 02 vs SKB215:ALPC-7 S5_over_S2_b > equal-height Broad Skarn (beyond 1 %)|0.5 -0.0142
   neg 02 vs SKB215:ALPC-7 S5_over_S2_b > equal-height Broad Skarn (beyond 1 %)|1.0 -0.0138
   neg 02 vs SKB222:ALPC-7 S3_over_S2_b > equal-height Broad Skarn (beyond 1 %)|0.0 -0.0077
   neg 02 vs SKB222:ALPC-7 S3_over_S2_b > equal-height Broad Skarn (beyond 1 %)|0.5 -0.0065
   neg 02 vs SKB222:ALPC-7 S3_over_S2_b > equal-height Broad Skarn (beyond 1 %)|1.0 -0.0052
   neg 02 vs SKB222:ALPC-7 S4_over_S2_b > equal-height Broad Skarn (beyond 1 %)|0.0 -0.0032
   neg 02 vs SKB222:ALPC-7 S4_over_S2_b > equal-height Broad Skarn (beyond 1 %)|0.5 -0.0013
   neg 02 vs SKB222:ALPC-7 S5_over_S2_b > equal-height Broad Skarn (beyond 1 %)|0.0 -0.0167
   neg 02 vs SKB222:ALPC-7 S5_over_S2_b > equal-height Broad Skarn (beyond 1 %)|0.5 -0.0164
   neg 02 vs SKB222:ALPC-7 S5_over_S2_b > equal-height Broad Skarn (beyond 1 %)|1.0 -0.0161
   neg 02 vs SKB229:ALPC-7 S3_over_S2_b > equal-height Broad Skarn (beyond 1 %)|0.0 -0.0085
   neg 02 vs SKB229:ALPC-7 S3_over_S2_b > equal-height Broad Skarn (beyond 1 %)|0.5 -0.0074
   neg 02 vs SKB229:ALPC-7 S3_over_S2_b > equal-height Broad Skarn (beyond 1 %)|1.0 -0.0061
   neg 02 vs SKB229:ALPC-7 S4_over_S2_b > equal-height Broad Skarn (beyond 1 %)|0.0 -0.0073
   neg 02 vs SKB229:ALPC-7 S4_over_S2_b > equal-height Broad Skarn (beyond 1 %)|0.5 -0.0055
   neg 02 vs SKB229:ALPC-7 S4_over_S2_b > equal-height Broad Skarn (beyond 1 %)|1.0 -0.0034
   neg 02 vs SKB229:ALPC-7 S5_over_S2_b > equal-height Broad Skarn (beyond 1 %)|0.0 -0.0187
   neg 02 vs SKB229:ALPC-7 S5_over_S2_b > equal-height Broad Skarn (beyond 1 %)|0.5 -0.0184
   neg 02 vs SKB229:ALPC-7 S5_over_S2_b > equal-height Broad Skarn (beyond 1 %)|1.0 -0.0182
   neg 215:ALPC-2a pelvic AP / thoracic depth >= MF|0.0 -0.002
   neg 215:ALPC-1b ribcage vertical / breadth >= MF|0.0 -0.0108
   neg 215:ALPC-1b ribcage vertical / breadth >= MF|0.5 -0.015
   neg 215:ALPC-1b ribcage vertical / breadth >= MF|1.0 -0.0194
   neg 215 vs SKB222:ALPC-7 S3_over_S2_b > equal-height Broad Skarn (beyond 1 %)|0.0 -0.0082
   neg 215 vs SKB222:ALPC-7 S3_over_S2_b > equal-height Broad Skarn (beyond 1 %)|0.5 -0.0071
   neg 215 vs SKB222:ALPC-7 S3_over_S2_b > equal-height Broad Skarn (beyond 1 %)|1.0 -0.0059
   neg 215 vs SKB222:ALPC-7 S4_over_S2_b > equal-height Broad Skarn (beyond 1 %)|0.0 -0.0006
   neg 215 vs SKB222:ALPC-7 S5_over_S2_b > equal-height Broad Skarn (beyond 1 %)|0.0 -0.0132
   neg 215 vs SKB222:ALPC-7 S5_over_S2_b > equal-height Broad Skarn (beyond 1 %)|0.5 -0.0128
   neg 215 vs SKB222:ALPC-7 S5_over_S2_b > equal-height Broad Skarn (beyond 1 %)|1.0 -0.0124
   neg 215 vs SKB229:ALPC-7 S3_over_S2_b > equal-height Broad Skarn (beyond 1 %)|0.0 -0.009
   neg 215 vs SKB229:ALPC-7 S3_over_S2_b > equal-height Broad Skarn (beyond 1 %)|0.5 -0.0079
   neg 215 vs SKB229:ALPC-7 S3_over_S2_b > equal-height Broad Skarn (beyond 1 %)|1.0 -0.0067
   neg 215 vs SKB229:ALPC-7 S4_over_S2_b > equal-height Broad Skarn (beyond 1 %)|0.0 -0.0047
   neg 215 vs SKB229:ALPC-7 S4_over_S2_b > equal-height Broad Skarn (beyond 1 %)|0.5 -0.0028
   neg 215 vs SKB229:ALPC-7 S4_over_S2_b > equal-height Broad Skarn (beyond 1 %)|1.0 -0.0007
   neg 215 vs SKB229:ALPC-7 S5_over_S2_b > equal-height Broad Skarn (beyond 1 %)|0.0 -0.0152
   neg 215 vs SKB229:ALPC-7 S5_over_S2_b > equal-height Broad Skarn (beyond 1 %)|0.5 -0.0149
   neg 215 vs SKB229:ALPC-7 S5_over_S2_b > equal-height Broad Skarn (beyond 1 %)|1.0 -0.0145
   neg 222:ALPC-2a pelvic AP / thoracic depth >= MF|0.0 -0.002
   neg 222:ALPC-1b ribcage vertical / breadth >= MF|0.0 -0.0055
   neg 222:ALPC-1b ribcage vertical / breadth >= MF|0.5 -0.0093
   neg 222:ALPC-1b ribcage vertical / breadth >= MF|1.0 -0.0134
   neg 222 vs SKB229:ALPC-7 S3_over_S2_b > equal-height Broad Skarn (beyond 1 %)|0.0 -0.0095
   neg 222 vs SKB229:ALPC-7 S3_over_S2_b > equal-height Broad Skarn (beyond 1 %)|0.5 -0.0084
   neg 222 vs SKB229:ALPC-7 S3_over_S2_b > equal-height Broad Skarn (beyond 1 %)|1.0 -0.0073
   neg 222 vs SKB229:ALPC-7 S5_over_S2_b > equal-height Broad Skarn (beyond 1 %)|0.0 -0.0115
   neg 222 vs SKB229:ALPC-7 S5_over_S2_b > equal-height Broad Skarn (beyond 1 %)|0.5 -0.011
   neg 222 vs SKB229:ALPC-7 S5_over_S2_b > equal-height Broad Skarn (beyond 1 %)|1.0 -0.0105
   step a=1.00 sumneg 0.1457 neg 32 score 0.15102
   step a=0.50 sumneg 0.2714 neg 42 score 0.33448
   step a=0.25 sumneg 0.4337 neg 65 score 0.55118
iter 1 {"pelvisX": 1.1847, "pelvisY": 1.0276, "pelvisZ": 1.2474, "thigh": 1.25, "clavY": 0.9977, "s03Y": 1.2034, "Aka": 1.067, "kpL": 1.3457, "kpU": 1.2568, "kb0": 0.9107, "kb18": 1.1568, "kb31": 1.3191, "kb44": 0.912, "kb60": 0.9695, "kb80": 1.1442} H 229.25 neg 32 sumneg 0.1457
   neg bitrochanteric / crest ~ MF (GO-P2b, hip joints under the lo|0.0 -0.0027
   neg bitrochanteric / crest ~ MF (GO-P2b, hip joints under the lo|0.5 -0.0037
   neg bitrochanteric / crest ~ MF (GO-P2b, hip joints under the lo|1.0 -0.0049
   neg pelvic vertical / stature >= GR (GO-P3)|0.0 -0.0008
   neg pelvic vertical / stature >= GR (GO-P3)|0.5 -0.0008
   neg pelvic vertical / stature >= GR (GO-P3)|1.0 -0.0008
   neg ALPC-4 shoulder-joint / thoracic breadth <= MF|0.0 -0.0026
   neg hip-joint scale (proximal-femur proxy) / crest breadth >= MF|0.0 -0.0058
   neg hip-joint scale (proximal-femur proxy) / crest breadth >= SK|0.0 -0.0115
   neg hip-joint scale (proximal-femur proxy) / crest breadth >= SK|0.5 -0.0045
   neg skin TB/H > SK 0.1960 -0.0285
   neg skeleton hip/thorax 1.132 <= ref max -0.0233
   neg GOR-BODY-16 skin waist S5/S4 1.0000 >= 1.01 -0.01
   neg 02:ALPC-2a pelvic AP / thoracic depth >= MF|0.0 -0.0013
   neg 02:ALPC-4 shoulder-joint / thoracic breadth <= MF|0.0 -0.0012
   neg 02:ALPC-1b ribcage vertical / breadth >= MF|0.5 -0.0003
   neg 02:ALPC-1b ribcage vertical / breadth >= MF|1.0 -0.0044
   neg 02:ALPC-3 proximal-femur proxy / S6 breadth >= MF|0.0 -0.0021
   neg 02 vs SKB215:ALPC-7 S5_over_S2_b > equal-height Broad Skarn (beyond 1 %)|0.0 -0.0005
   neg 02 vs SKB222:ALPC-7 S5_over_S2_b > equal-height Broad Skarn (beyond 1 %)|0.0 -0.0026
   neg 02 vs SKB222:ALPC-7 S5_over_S2_b > equal-height Broad Skarn (beyond 1 %)|0.5 -0.0018
   neg 02 vs SKB222:ALPC-7 S5_over_S2_b > equal-height Broad Skarn (beyond 1 %)|1.0 -0.001
   neg 02 vs SKB229:ALPC-7 S5_over_S2_b > equal-height Broad Skarn (beyond 1 %)|0.0 -0.0046
   neg 02 vs SKB229:ALPC-7 S5_over_S2_b > equal-height Broad Skarn (beyond 1 %)|0.5 -0.0039
   neg 02 vs SKB229:ALPC-7 S5_over_S2_b > equal-height Broad Skarn (beyond 1 %)|1.0 -0.0031
   neg 215:ALPC-4 shoulder-joint / thoracic breadth <= MF|0.0 -0.0012
   neg 215:ALPC-3 proximal-femur proxy / S6 breadth >= MF|0.0 -0.0008
   neg 215 vs SKB229:ALPC-7 S5_over_S2_b > equal-height Broad Skarn (beyond 1 %)|0.0 -0.0012
   neg 215 vs SKB229:ALPC-7 S5_over_S2_b > equal-height Broad Skarn (beyond 1 %)|0.5 -0.0003
   neg 222:ALPC-4 shoulder-joint / thoracic breadth <= MF|0.0 -0.0017
   neg 222:ALPC-3 subtrochanteric shaft breadth / femur length >= MF|0.0 -0.0097
   neg 222:ALPC-3 subtrochanteric shaft breadth / femur length >= MF|0.5 -0.0042
